Archive member included because of file (symbol)

/usr/local/ps3dev/libpsl1ght/ppu/lib/librsx.a(init.o)
                              rsxutil.o (rsxInit)
/usr/local/ps3dev/libpsl1ght/ppu/lib/librsx.a(buffer.o)
                              rsxutil.o (rsxFlushBuffer)
/usr/local/ps3dev/libpsl1ght/ppu/lib/librsx.a(commands.o)
                              /usr/local/ps3dev/libpsl1ght/ppu/lib/librsx.a(buffer.o) (rsxSetJumpCommand)
/usr/local/ps3dev/libpsl1ght/ppu/lib/librsx.a(mm.o)
                              /usr/local/ps3dev/libpsl1ght/ppu/lib/librsx.a(init.o) (rsxHeapInit)
/usr/local/ps3dev/libpsl1ght/ppu/lib/librsx.a(vertex_program.o)
                              /usr/local/ps3dev/libpsl1ght/ppu/lib/librsx.a(commands.o) (rsxVertexProgramGetConsts)
/usr/local/ps3dev/libpsl1ght/ppu/lib/librsx.a(fragment_program.o)
                              /usr/local/ps3dev/libpsl1ght/ppu/lib/librsx.a(commands.o) (rsxFragmentProgramGetConsts)
/usr/local/ps3dev/libpsl1ght/ppu/lib/libgcm_sys.a(sprx.o)
                              rsxutil.o (gcmSetFlip)
/usr/local/ps3dev/libpsl1ght/ppu/lib/libio.a(sprx.o)
                              main.o (ioPadInit)
/usr/local/ps3dev/libpsl1ght/ppu/lib/libsysutil.a(sprx.o)
                              rsxutil.o (videoConfigure)
/usr/local/ps3dev/libpsl1ght/ppu/lib/libsysutil.a(sysutil_wrapper.o)
                              main.o (sysUtilRegisterCallback)
/usr/local/ps3dev/libpsl1ght/ppu/lib/librt.a(sbrk.o)
                              /usr/local/ps3dev/ppu/lib/gcc/powerpc64-ps3-elf/4.5.2/../../../../powerpc64-ps3-elf/lib/lv2-crt0.o (__librt_sbrk_r)
/usr/local/ps3dev/libpsl1ght/ppu/lib/librt.a(exit.o)
                              /usr/local/ps3dev/ppu/lib/gcc/powerpc64-ps3-elf/4.5.2/../../../../powerpc64-ps3-elf/lib/lv2-crt0.o (__librt_exit)
/usr/local/ps3dev/libpsl1ght/ppu/lib/librt.a(close.o)
                              /usr/local/ps3dev/ppu/lib/gcc/powerpc64-ps3-elf/4.5.2/../../../../powerpc64-ps3-elf/lib/lv2-crt0.o (__librt_close_r)
/usr/local/ps3dev/libpsl1ght/ppu/lib/librt.a(lseek.o)
                              /usr/local/ps3dev/ppu/lib/gcc/powerpc64-ps3-elf/4.5.2/../../../../powerpc64-ps3-elf/lib/lv2-crt0.o (__librt_lseek_r)
/usr/local/ps3dev/libpsl1ght/ppu/lib/librt.a(read.o)
                              /usr/local/ps3dev/ppu/lib/gcc/powerpc64-ps3-elf/4.5.2/../../../../powerpc64-ps3-elf/lib/lv2-crt0.o (__librt_read_r)
/usr/local/ps3dev/libpsl1ght/ppu/lib/librt.a(open.o)
                              /usr/local/ps3dev/ppu/lib/gcc/powerpc64-ps3-elf/4.5.2/../../../../powerpc64-ps3-elf/lib/lv2-crt0.o (__librt_open_r)
/usr/local/ps3dev/libpsl1ght/ppu/lib/librt.a(sleep.o)
                              /usr/local/ps3dev/ppu/lib/gcc/powerpc64-ps3-elf/4.5.2/../../../../powerpc64-ps3-elf/lib/lv2-crt0.o (__librt_usleep_r)
/usr/local/ps3dev/libpsl1ght/ppu/lib/librt.a(write.o)
                              /usr/local/ps3dev/ppu/lib/gcc/powerpc64-ps3-elf/4.5.2/../../../../powerpc64-ps3-elf/lib/lv2-crt0.o (__librt_write_r)
/usr/local/ps3dev/libpsl1ght/ppu/lib/librt.a(fstat.o)
                              /usr/local/ps3dev/ppu/lib/gcc/powerpc64-ps3-elf/4.5.2/../../../../powerpc64-ps3-elf/lib/lv2-crt0.o (__librt_fstat_r)
/usr/local/ps3dev/libpsl1ght/ppu/lib/librt.a(socket.o)
                              /usr/local/ps3dev/libpsl1ght/ppu/lib/librt.a(write.o) (send)
/usr/local/ps3dev/libpsl1ght/ppu/lib/librt.a(lock.o)
                              /usr/local/ps3dev/ppu/lib/gcc/powerpc64-ps3-elf/4.5.2/../../../../powerpc64-ps3-elf/lib/lv2-crt0.o (__librt_sys_lwmutex_create_r)
/usr/local/ps3dev/libpsl1ght/ppu/lib/librt.a(dirent.o)
                              /usr/local/ps3dev/ppu/lib/gcc/powerpc64-ps3-elf/4.5.2/../../../../powerpc64-ps3-elf/lib/lv2-crt0.o (__librt_opendir_r)
/usr/local/ps3dev/libpsl1ght/ppu/lib/librt.a(mkdir.o)
                              /usr/local/ps3dev/ppu/lib/gcc/powerpc64-ps3-elf/4.5.2/../../../../powerpc64-ps3-elf/lib/lv2-crt0.o (__librt_mkdir_r)
/usr/local/ps3dev/libpsl1ght/ppu/lib/librt.a(times.o)
                              /usr/local/ps3dev/ppu/lib/gcc/powerpc64-ps3-elf/4.5.2/../../../../powerpc64-ps3-elf/lib/lv2-crt0.o (__librt_times_r)
/usr/local/ps3dev/libpsl1ght/ppu/lib/librt.a(umask.o)
                              /usr/local/ps3dev/ppu/lib/gcc/powerpc64-ps3-elf/4.5.2/../../../../powerpc64-ps3-elf/lib/lv2-crt0.o (__librt_umask_r)
/usr/local/ps3dev/libpsl1ght/ppu/lib/librt.a(lv2errno.o)
                              /usr/local/ps3dev/libpsl1ght/ppu/lib/librt.a(socket.o) (lv2errno)
/usr/local/ps3dev/libpsl1ght/ppu/lib/librt.a(heap.o)
                              /usr/local/ps3dev/libpsl1ght/ppu/lib/librsx.a(mm.o) (heapInit)
/usr/local/ps3dev/libpsl1ght/ppu/lib/librt.a(chmod.o)
                              /usr/local/ps3dev/ppu/lib/gcc/powerpc64-ps3-elf/4.5.2/../../../../powerpc64-ps3-elf/lib/lv2-crt0.o (__librt_chmod_r)
/usr/local/ps3dev/libpsl1ght/ppu/lib/librt.a(rmdir.o)
[...]
Memory Configuration

Name             Origin             Length             Attributes
*default*        0x0000000000000000 0xffffffffffffffff

Linker script and memory map

                0x0000000000010000                PROVIDE (__executable_start, 0x10000)
                0x0000000000010200                . = (0x10000 + SIZEOF_HEADERS)

.interp
 *(.interp)

.hash
 *(.hash)

.dynsym
 *(.dynsym)

.dynstr
 *(.dynstr)

.gnu.version
 *(.gnu.version)

.gnu.version_d
 *(.gnu.version_d)

.gnu.version_r
 *(.gnu.version_r)

.rel.dyn
 *(.rel.init)
 *(.rel.text .rel.text.* .rel.gnu.linkonce.t.*)
 *(.rel.fini)
 *(.rel.rodata .rel.rodata.* .rel.gnu.linkonce.r.*)
 *(.rel.data.rel.ro*)
 *(.rel.data .rel.data.* .rel.gnu.linkonce.d.*)
 *(.rel.tdata .rel.tdata.* .rel.gnu.linkonce.td.*)
 *(.rel.tbss .rel.tbss.* .rel.gnu.linkonce.tb.*)
 *(.rel.ctors)
 *(.rel.dtors)
 *(.rel.got)
 *(.rel.sdata .rel.sdata.* .rel.gnu.linkonce.s.*)
 *(.rel.sbss .rel.sbss.* .rel.gnu.linkonce.sb.*)
 *(.rel.sdata2 .rel.sdata2.* .rel.gnu.linkonce.s2.*)
 *(.rel.sbss2 .rel.sbss2.* .rel.gnu.linkonce.sb2.*)
 *(.rel.bss .rel.bss.* .rel.gnu.linkonce.b.*)

.rela.dyn       0x0000000000010200        0x0
 *(.rela.init)
 *(.rela.text .rela.text.* .rela.gnu.linkonce.t.*)
 *(.rela.fini)
 *(.rela.rodata .rela.rodata.* .rela.gnu.linkonce.r.*)
 *(.rela.data .rela.data.* .rela.gnu.linkonce.d.*)
 *(.rela.tdata .rela.tdata.* .rela.gnu.linkonce.td.*)
 *(.rela.tbss .rela.tbss.* .rela.gnu.linkonce.tb.*)
 *(.rela.ctors)
 *(.rela.dtors)
 *(.rela.got)
 *(.rela.toc)
 .rela.toc      0x0000000000000000        0x0 linker stubs
 *(.rela.sdata .rela.sdata.* .rela.gnu.linkonce.s.*)
 *(.rela.sbss .rela.sbss.* .rela.gnu.linkonce.sb.*)
 *(.rela.sdata2 .rela.sdata2.* .rela.gnu.linkonce.s2.*)
 *(.rela.sbss2 .rela.sbss2.* .rela.gnu.linkonce.sb2.*)
 *(.rela.bss .rela.bss.* .rela.gnu.linkonce.b.*)
 .rela.iplt     0x0000000000000000        0x0 linker stubs
 .rela.sys_proc_prx_param
                0x0000000000000000        0x0 linker stubs
 .rela.opd      0x0000000000000000        0x0 linker stubs

.rel.plt
 *(.rel.plt)

.rela.plt
 *(.rela.plt)

.rela.tocbss
 *(.rela.tocbss)

.init           0x0000000000010200       0x2c
 *(.init)
 .init          0x0000000000010200        0xc /usr/local/ps3dev/ppu/lib/gcc/powerpc64-ps3-elf/4.5.2/../../../../powerpc64-ps3-elf/lib/lv2-crti.o
                0x0000000000010200                ._init
 .init          0x000000000001020c        0x8 /usr/local/ps3dev/ppu/lib/gcc/powerpc64-ps3-elf/4.5.2/crtbegin.o
 .init          0x0000000000010214        0x8 /usr/local/ps3dev/ppu/lib/gcc/powerpc64-ps3-elf/4.5.2/crtend.o
 .init          0x000000000001021c       0x10 /usr/local/ps3dev/ppu/lib/gcc/powerpc64-ps3-elf/4.5.2/../../../../powerpc64-ps3-elf/lib/lv2-crtn.o

.text           0x0000000000010230    0x19b94
 *(.text .stub .text.* .gnu.linkonce.t.*)
 .text          0x0000000000010230        0x0 /usr/local/ps3dev/ppu/lib/gcc/powerpc64-ps3-elf/4.5.2/../../../../powerpc64-ps3-elf/lib/lv2-crti.o
 .text          0x0000000000010230        0x0 /usr/local/ps3dev/ppu/lib/gcc/powerpc64-ps3-elf/4.5.2/crtbegin.o
 .text.__do_global_dtors_aux
                0x0000000000010230       0xc8 /usr/local/ps3dev/ppu/lib/gcc/powerpc64-ps3-elf/4.5.2/crtbegin.o
 .text.frame_dummy
                0x00000000000102f8       0x70 /usr/local/ps3dev/ppu/lib/gcc/powerpc64-ps3-elf/4.5.2/crtbegin.o
 .text          0x0000000000010368       0x58 /usr/local/ps3dev/ppu/lib/gcc/powerpc64-ps3-elf/4.5.2/../../../../powerpc64-ps3-elf/lib/lv2-crt0.o
                0x0000000000010368                ._start
 .text.__syscalls_init
                0x00000000000103c0      0x15c /usr/local/ps3dev/ppu/lib/gcc/powerpc64-ps3-elf/4.5.2/../../../../powerpc64-ps3-elf/lib/lv2-crt0.o
 *fill*         0x000000000001051c        0x4 60000000
 .text._initialize
                0x0000000000010520       0x40 /usr/local/ps3dev/ppu/lib/gcc/powerpc64-ps3-elf/4.5.2/../../../../powerpc64-ps3-elf/lib/lv2-crt0.o
                0x0000000000010520                ._initialize
 .text          0x0000000000010560        0x0 /usr/local/ps3dev/ppu/lib/gcc/powerpc64-ps3-elf/4.5.2/../../../../powerpc64-ps3-elf/lib/lv2-sprx.o
 .text          0x0000000000010560        0x0 main.o
 .text.dialog_handler
                0x0000000000010560       0x5c main.o
 *fill*         0x00000000000105bc        0x4 60000000
 .text.do_flip  0x00000000000105c0       0x38 main.o
 .text.sysutil_callback
                0x00000000000105f8       0x3c main.o
                0x00000000000105f8                .sysutil_callback
 *fill*         0x0000000000010634        0x4 60000000
 .text.program_exit_callback
                0x0000000000010638       0x5c main.o
                0x0000000000010638                .program_exit_callback
 *fill*         0x0000000000010694        0x4 60000000
 .text.main     0x0000000000010698      0x21c main.o
                0x0000000000010698                .main
 .text          0x00000000000108b4        0x0 rsxutil.o
 *fill*         0x00000000000108b4        0x4 60000000
 .text.set_render_target
                0x00000000000108b8       0xec rsxutil.o
                0x00000000000108b8                .set_render_target
 *fill*         0x00000000000109a4        0x4 60000000
 .text.init_screen
                0x00000000000109a8      0x28c rsxutil.o
                0x00000000000109a8                .init_screen
 *fill*         0x0000000000010c34        0x4 60000000
 .text.waitflip
                0x0000000000010c38       0x50 rsxutil.o
                0x0000000000010c38                .waitflip
 .text.flip     0x0000000000010c88       0xac rsxutil.o
                0x0000000000010c88                .flip
 .text          0x0000000000010d34        0x0 /usr/local/ps3dev/libpsl1ght/ppu/lib/librsx.a(init.o)
 *fill*         0x0000000000010d34        0x4 60000000
 .text.rsxInit  0x0000000000010d38       0x60 /usr/local/ps3dev/libpsl1ght/ppu/lib/librsx.a(init.o)
                0x0000000000010d38                .rsxInit
 .text.rsxSetupContextData
                0x0000000000010d98       0x38 /usr/local/ps3dev/libpsl1ght/ppu/lib/librsx.a(init.o)
                0x0000000000010d98                .rsxSetupContextData
 .text          0x0000000000010dd0        0x0 /usr/local/ps3dev/libpsl1ght/ppu/lib/librsx.a(buffer.o)
 .text.rsxResetCommandBuffer
                0x0000000000010dd0       0x80 /usr/local/ps3dev/libpsl1ght/ppu/lib/librsx.a(buffer.o)
                0x0000000000010dd0                .rsxResetCommandBuffer
 .text.rsxFlushBuffer
                0x0000000000010e50       0x78 /usr/local/ps3dev/libpsl1ght/ppu/lib/librsx.a(buffer.o)
                0x0000000000010e50                .rsxFlushBuffer
 .text.rsxFinish
                0x0000000000010ec8       0x84 /usr/local/ps3dev/libpsl1ght/ppu/lib/librsx.a(buffer.o)
                0x0000000000010ec8                .rsxFinish
 .text          0x0000000000010f4c        0x0 /usr/local/ps3dev/libpsl1ght/ppu/lib/librsx.a(commands.o)
 *fill*         0x0000000000010f4c        0x4 60000000
 .text.rsxContextCallback
                0x0000000000010f50       0x50 /usr/local/ps3dev/libpsl1ght/ppu/lib/librsx.a(commands.o)
                0x0000000000010f50                .rsxContextCallback
 .text.rsxSetReturnCommand
                0x0000000000010fa0       0x7c /usr/local/ps3dev/libpsl1ght/ppu/lib/librsx.a(commands.o)
                0x0000000000010fa0                .rsxSetReturnCommand
 *fill*         0x000000000001101c        0x4 60000000
 .text.rsxSetCallCommand
                0x0000000000011020       0x84 /usr/local/ps3dev/libpsl1ght/ppu/lib/librsx.a(commands.o)
                0x0000000000011020                .rsxSetCallCommand
 *fill*         0x00000000000110a4        0x4 60000000
 .text.rsxSetJumpCommand
                0x00000000000110a8       0x84 /usr/local/ps3dev/libpsl1ght/ppu/lib/librsx.a(commands.o)
                0x00000000000110a8                .rsxSetJumpCommand
 *fill*         0x000000000001112c        0x4 60000000
 .text.rsxSetNopCommand
                0x0000000000011130       0xbc /usr/local/ps3dev/libpsl1ght/ppu/lib/librsx.a(commands.o)
                0x0000000000011130                .rsxSetNopCommand
 *fill*         0x00000000000111ec        0x4 60000000
 .text.rsxSetClearColor
                0x00000000000111f0       0x94 /usr/local/ps3dev/libpsl1ght/ppu/lib/librsx.a(commands.o)
                0x00000000000111f0                .rsxSetClearColor
 *fill*         0x0000000000011284        0x4 60000000
 .text.rsxSetClearDepthValue
                0x0000000000011288       0x94 /usr/local/ps3dev/libpsl1ght/ppu/lib/librsx.a(commands.o)
                0x0000000000011288                .rsxSetClearDepthValue
 *fill*         0x000000000001131c        0x4 60000000
 .text.rsxSetReferenceCommand
                0x0000000000011320       0x94 /usr/local/ps3dev/libpsl1ght/ppu/lib/librsx.a(commands.o)
                0x0000000000011320                .rsxSetReferenceCommand
 *fill*         0x00000000000113b4        0x4 60000000
 .text.rsxSetWriteBackendLabel
                0x00000000000113b8       0xdc /usr/local/ps3dev/libpsl1ght/ppu/lib/librsx.a(commands.o)
                0x00000000000113b8                .rsxSetWriteBackendLabel
 *fill*         0x0000000000011494        0x4 60000000
 .text.rsxSetWaitLabel
                0x0000000000011498       0xc4 /usr/local/ps3dev/libpsl1ght/ppu/lib/librsx.a(commands.o)
                0x0000000000011498                .rsxSetWaitLabel
 *fill*         0x000000000001155c        0x4 60000000
 .text.rsxSetWriteCommandLabel
                0x0000000000011560       0xc4 /usr/local/ps3dev/libpsl1ght/ppu/lib/librsx.a(commands.o)
                0x0000000000011560                .rsxSetWriteCommandLabel
 *fill*         0x0000000000011624        0x4 60000000
 .text.rsxSetSurface
                0x0000000000011628      0x34c /usr/local/ps3dev/libpsl1ght/ppu/lib/librsx.a(commands.o)
                0x0000000000011628                .rsxSetSurface
 *fill*         0x0000000000011974        0x4 60000000
 .text.rsxSetColorMask
                0x0000000000011978       0x94 /usr/local/ps3dev/libpsl1ght/ppu/lib/librsx.a(commands.o)
                0x0000000000011978                .rsxSetColorMask
 *fill*         0x0000000000011a0c        0x4 60000000
 .text.rsxSetColorMaskMRT
                0x0000000000011a10       0x94 /usr/local/ps3dev/libpsl1ght/ppu/lib/librsx.a(commands.o)
                0x0000000000011a10                .rsxSetColorMaskMRT
 *fill*         0x0000000000011aa4        0x4 60000000
 .text.rsxSetShadeModel
                0x0000000000011aa8       0x94 /usr/local/ps3dev/libpsl1ght/ppu/lib/librsx.a(commands.o)
                0x0000000000011aa8                .rsxSetShadeModel
 *fill*         0x0000000000011b3c        0x4 60000000
 .text.rsxSetViewport
                0x0000000000011b40      0x338 /usr/local/ps3dev/libpsl1ght/ppu/lib/librsx.a(commands.o)
                0x0000000000011b40                .rsxSetViewport
 .text.rsxSetViewportClip
                0x0000000000011e78       0xc4 /usr/local/ps3dev/libpsl1ght/ppu/lib/librsx.a(commands.o)
                0x0000000000011e78                .rsxSetViewportClip
 *fill*         0x0000000000011f3c        0x4 60000000
 .text.rsxSetUserClipPlaneControl
                0x0000000000011f40       0xe4 /usr/local/ps3dev/libpsl1ght/ppu/lib/librsx.a(commands.o)
                0x0000000000011f40                .rsxSetUserClipPlaneControl
 *fill*         0x0000000000012024        0x4 60000000
 .text.rsxSetDepthTestEnable
                0x0000000000012028       0x94 /usr/local/ps3dev/libpsl1ght/ppu/lib/librsx.a(commands.o)
                0x0000000000012028                .rsxSetDepthTestEnable
 *fill*         0x00000000000120bc        0x4 60000000
 .text.rsxSetDepthFunc
                0x00000000000120c0       0x94 /usr/local/ps3dev/libpsl1ght/ppu/lib/librsx.a(commands.o)
                0x00000000000120c0                .rsxSetDepthFunc
 *fill*         0x0000000000012154        0x4 60000000
 .text.rsxSetDepthWriteEnable
                0x0000000000012158       0x94 /usr/local/ps3dev/libpsl1ght/ppu/lib/librsx.a(commands.o)
                0x0000000000012158                .rsxSetDepthWriteEnable
 *fill*         0x00000000000121ec        0x4 60000000
 .text.rsxSetCullFaceEnable
                0x00000000000121f0       0x94 /usr/local/ps3dev/libpsl1ght/ppu/lib/librsx.a(commands.o)
                0x00000000000121f0                .rsxSetCullFaceEnable
 *fill*         0x0000000000012284        0x4 60000000
 .text.rsxSetCullFace
                0x0000000000012288       0x94 /usr/local/ps3dev/libpsl1ght/ppu/lib/librsx.a(commands.o)
                0x0000000000012288                .rsxSetCullFace
 *fill*         0x000000000001231c        0x4 60000000
 .text.rsxSetFrontFace
                0x0000000000012320       0x94 /usr/local/ps3dev/libpsl1ght/ppu/lib/librsx.a(commands.o)
                0x0000000000012320                .rsxSetFrontFace
 *fill*         0x00000000000123b4        0x4 60000000
 .text.rsxClearSurface
                0x00000000000123b8       0xbc /usr/local/ps3dev/libpsl1ght/ppu/lib/librsx.a(commands.o)
                0x00000000000123b8                .rsxClearSurface
 *fill*         0x0000000000012474        0x4 60000000
 .text.rsxLoadVertexProgramBlock
                0x0000000000012478      0x1f0 /usr/local/ps3dev/libpsl1ght/ppu/lib/librsx.a(commands.o)
                0x0000000000012478                .rsxLoadVertexProgramBlock
 .text.rsxLoadFragmentProgramLocation
                0x0000000000012668      0x1f0 /usr/local/ps3dev/libpsl1ght/ppu/lib/librsx.a(commands.o)
                0x0000000000012668                .rsxLoadFragmentProgramLocation
 .text.rsxLoadVertexProgramParameterBlock
                0x0000000000012858      0x144 /usr/local/ps3dev/libpsl1ght/ppu/lib/librsx.a(commands.o)
                0x0000000000012858                .rsxLoadVertexProgramParameterBlock
 *fill*         0x000000000001299c        0x4 60000000
 .text.rsxLoadVertexProgram
                0x00000000000129a0       0xfc /usr/local/ps3dev/libpsl1ght/ppu/lib/librsx.a(commands.o)
                0x00000000000129a0                .rsxLoadVertexProgram
 *fill*         0x0000000000012a9c        0x4 60000000
 .text.rsxSetVertexProgramParameter
                0x0000000000012aa0       0x84 /usr/local/ps3dev/libpsl1ght/ppu/lib/librsx.a(commands.o)
                0x0000000000012aa0                .rsxSetVertexProgramParameter
 *fill*         0x0000000000012b24        0x4 60000000
 .text.rsxDrawVertexBegin
                0x0000000000012b28       0x94 /usr/local/ps3dev/libpsl1ght/ppu/lib/librsx.a(commands.o)
                0x0000000000012b28                .rsxDrawVertexBegin
 *fill*         0x0000000000012bbc        0x4 60000000
 .text.rsxDrawVertexEnd
                0x0000000000012bc0       0x8c /usr/local/ps3dev/libpsl1ght/ppu/lib/librsx.a(commands.o)
                0x0000000000012bc0                .rsxDrawVertexEnd
 *fill*         0x0000000000012c4c        0x4 60000000
 .text.rsxDrawVertex2f
                0x0000000000012c50       0xb4 /usr/local/ps3dev/libpsl1ght/ppu/lib/librsx.a(commands.o)
                0x0000000000012c50                .rsxDrawVertex2f
 *fill*         0x0000000000012d04        0x4 60000000
 .text.rsxDrawVertex3f
                0x0000000000012d08       0xcc /usr/local/ps3dev/libpsl1ght/ppu/lib/librsx.a(commands.o)
                0x0000000000012d08                .rsxDrawVertex3f
 *fill*         0x0000000000012dd4        0x4 60000000
 .text.rsxDrawVertex4f
                0x0000000000012dd8       0xdc /usr/local/ps3dev/libpsl1ght/ppu/lib/librsx.a(commands.o)
                0x0000000000012dd8                .rsxDrawVertex4f
 *fill*         0x0000000000012eb4        0x4 60000000
 .text.rsxInvalidateTextureCache
                0x0000000000012eb8       0x94 /usr/local/ps3dev/libpsl1ght/ppu/lib/librsx.a(commands.o)
                0x0000000000012eb8                .rsxInvalidateTextureCache
 *fill*         0x0000000000012f4c        0x4 60000000
 .text.rsxLoadTexture
                0x0000000000012f50      0x1d4 /usr/local/ps3dev/libpsl1ght/ppu/lib/librsx.a(commands.o)
                0x0000000000012f50                .rsxLoadTexture
 *fill*         0x0000000000013124        0x4 60000000
 .text.rsxTextureControl
                0x0000000000013128       0xd4 /usr/local/ps3dev/libpsl1ght/ppu/lib/librsx.a(commands.o)
                0x0000000000013128                .rsxTextureControl
 *fill*         0x00000000000131fc        0x4 60000000
 .text.rsxTextureFilter
                0x0000000000013200       0xc4 /usr/local/ps3dev/libpsl1ght/ppu/lib/librsx.a(commands.o)
                0x0000000000013200                .rsxTextureFilter
 *fill*         0x00000000000132c4        0x4 60000000
 .text.rsxTextureWrapMode
                0x00000000000132c8       0xf4 /usr/local/ps3dev/libpsl1ght/ppu/lib/librsx.a(commands.o)
                0x00000000000132c8                .rsxTextureWrapMode
 *fill*         0x00000000000133bc        0x4 60000000
 .text.rsxZControl
                0x00000000000133c0       0xb4 /usr/local/ps3dev/libpsl1ght/ppu/lib/librsx.a(commands.o)
                0x00000000000133c0                .rsxZControl
 *fill*         0x0000000000013474        0x4 60000000
 .text.rsxBindVertexArrayAttrib
                0x0000000000013478      0x104 /usr/local/ps3dev/libpsl1ght/ppu/lib/librsx.a(commands.o)
                0x0000000000013478                .rsxBindVertexArrayAttrib
 *fill*         0x000000000001357c        0x4 60000000
 .text.rsxDrawVertexArray
                0x0000000000013580      0x1ec /usr/local/ps3dev/libpsl1ght/ppu/lib/librsx.a(commands.o)
                0x0000000000013580                .rsxDrawVertexArray
 *fill*         0x000000000001376c        0x4 60000000
 .text.rsxDrawIndexArray
                0x0000000000013770      0x22c /usr/local/ps3dev/libpsl1ght/ppu/lib/librsx.a(commands.o)
                0x0000000000013770                .rsxDrawIndexArray
 *fill*         0x000000000001399c        0x4 60000000
 .text.rsxSetScissor
                0x00000000000139a0       0xcc /usr/local/ps3dev/libpsl1ght/ppu/lib/librsx.a(commands.o)
                0x00000000000139a0                .rsxSetScissor
 *fill*         0x0000000000013a6c        0x4 60000000
 .text.rsxInlineTransfer
                0x0000000000013a70      0x228 /usr/local/ps3dev/libpsl1ght/ppu/lib/librsx.a(commands.o)
                0x0000000000013a70                .rsxInlineTransfer
 .text.rsxSetFragmentProgramParameter
                0x0000000000013c98      0x2a8 /usr/local/ps3dev/libpsl1ght/ppu/lib/librsx.a(commands.o)
                0x0000000000013c98                .rsxSetFragmentProgramParameter
 .text.rsxSetBlendFunc
                0x0000000000013f40       0xcc /usr/local/ps3dev/libpsl1ght/ppu/lib/librsx.a(commands.o)
                0x0000000000013f40                .rsxSetBlendFunc
 *fill*         0x000000000001400c        0x4 60000000
 .text.rsxSetBlendEquation
                0x0000000000014010       0xa4 /usr/local/ps3dev/libpsl1ght/ppu/lib/librsx.a(commands.o)
                0x0000000000014010                .rsxSetBlendEquation
 *fill*         0x00000000000140b4        0x4 60000000
 .text.rsxSetBlendColor
                0x00000000000140b8       0x94 /usr/local/ps3dev/libpsl1ght/ppu/lib/librsx.a(commands.o)
                0x00000000000140b8                .rsxSetBlendColor
 *fill*         0x000000000001414c        0x4 60000000
 .text.rsxSetBlendEnable
                0x0000000000014150       0x94 /usr/local/ps3dev/libpsl1ght/ppu/lib/librsx.a(commands.o)
                0x0000000000014150                .rsxSetBlendEnable
 *fill*         0x00000000000141e4        0x4 60000000
 .text.rsxSetTransformBranchBits
                0x00000000000141e8       0x94 /usr/local/ps3dev/libpsl1ght/ppu/lib/librsx.a(commands.o)
                0x00000000000141e8                .rsxSetTransformBranchBits
 *fill*         0x000000000001427c        0x4 60000000
 .text.rsxSetTransferData
                0x0000000000014280      0x1c4 /usr/local/ps3dev/libpsl1ght/ppu/lib/librsx.a(commands.o)
                0x0000000000014280                .rsxSetTransferData
 *fill*         0x0000000000014444        0x4 60000000
 .text.rsxSetTransferDataMode
                0x0000000000014448       0xcc /usr/local/ps3dev/libpsl1ght/ppu/lib/librsx.a(commands.o)
                0x0000000000014448                .rsxSetTransferDataMode
 *fill*         0x0000000000014514        0x4 60000000
 .text.rsxSetTransferDataOffset
                0x0000000000014518       0xcc /usr/local/ps3dev/libpsl1ght/ppu/lib/librsx.a(commands.o)
                0x0000000000014518                .rsxSetTransferDataOffset
 *fill*         0x00000000000145e4        0x4 60000000
 .text.rsxSetTransferDataFormat
                0x00000000000145e8      0x104 /usr/local/ps3dev/libpsl1ght/ppu/lib/librsx.a(commands.o)
                0x00000000000145e8                .rsxSetTransferDataFormat
 *fill*         0x00000000000146ec        0x4 60000000
 .text.rsxSetTransferImage
                0x00000000000146f0      0x368 /usr/local/ps3dev/libpsl1ght/ppu/lib/librsx.a(commands.o)
                0x00000000000146f0                .rsxSetTransferImage
 .text.rsxSetTransferScaleMode
                0x0000000000014a58      0x140 /usr/local/ps3dev/libpsl1ght/ppu/lib/librsx.a(commands.o)
                0x0000000000014a58                .rsxSetTransferScaleMode
 .text.rsxSetTransferScaleSurface
                0x0000000000014b98      0x26c /usr/local/ps3dev/libpsl1ght/ppu/lib/librsx.a(commands.o)
                0x0000000000014b98                .rsxSetTransferScaleSurface
 *fill*         0x0000000000014e04        0x4 60000000
 .text.rsxSetTimeStamp
                0x0000000000014e08       0x94 /usr/local/ps3dev/libpsl1ght/ppu/lib/librsx.a(commands.o)
                0x0000000000014e08                .rsxSetTimeStamp
 .text          0x0000000000014e9c        0x0 /usr/local/ps3dev/libpsl1ght/ppu/lib/librsx.a(mm.o)
 *fill*         0x0000000000014e9c        0x4 60000000
 .text.rsxHeapInit
                0x0000000000014ea0       0x78 /usr/local/ps3dev/libpsl1ght/ppu/lib/librsx.a(mm.o)
                0x0000000000014ea0                .rsxHeapInit
 .text.rsxMemalign
                0x0000000000014f18       0x4c /usr/local/ps3dev/libpsl1ght/ppu/lib/librsx.a(mm.o)
                0x0000000000014f18                .rsxMemalign
 *fill*         0x0000000000014f64        0x4 60000000
 .text.rsxMalloc
                0x0000000000014f68       0x4c /usr/local/ps3dev/libpsl1ght/ppu/lib/librsx.a(mm.o)
                0x0000000000014f68                .rsxMalloc
 *fill*         0x0000000000014fb4        0x4 60000000
 .text.rsxFree  0x0000000000014fb8       0x48 /usr/local/ps3dev/libpsl1ght/ppu/lib/librsx.a(mm.o)
                0x0000000000014fb8                .rsxFree
 .text          0x0000000000015000        0x0 /usr/local/ps3dev/libpsl1ght/ppu/lib/librsx.a(vertex_program.o)
 .text.rsxVertexProgramGetUCode
                0x0000000000015000       0x18 /usr/local/ps3dev/libpsl1ght/ppu/lib/librsx.a(vertex_program.o)
                0x0000000000015000                .rsxVertexProgramGetUCode
 .text.rsxVertexProgramGetConsts
                0x0000000000015018       0x18 /usr/local/ps3dev/libpsl1ght/ppu/lib/librsx.a(vertex_program.o)
                0x0000000000015018                .rsxVertexProgramGetConsts
 .text.rsxVertexProgramGetConst
                0x0000000000015030       0xdc /usr/local/ps3dev/libpsl1ght/ppu/lib/librsx.a(vertex_program.o)
                0x0000000000015030                .rsxVertexProgramGetConst
 *fill*         0x000000000001510c        0x4 60000000
 .text.rsxVertexProgramGetAttribs
                0x0000000000015110       0x18 /usr/local/ps3dev/libpsl1ght/ppu/lib/librsx.a(vertex_program.o)
                0x0000000000015110                .rsxVertexProgramGetAttribs
 .text.rsxVertexProgramGetAttrib
                0x0000000000015128       0xe4 /usr/local/ps3dev/libpsl1ght/ppu/lib/librsx.a(vertex_program.o)
                0x0000000000015128                .rsxVertexProgramGetAttrib
 .text          0x000000000001520c        0x0 /usr/local/ps3dev/libpsl1ght/ppu/lib/librsx.a(fragment_program.o)
 *fill*         0x000000000001520c        0x4 60000000
 .text.rsxFragmentProgramGetUCode
                0x0000000000015210       0x24 /usr/local/ps3dev/libpsl1ght/ppu/lib/librsx.a(fragment_program.o)
                0x0000000000015210                .rsxFragmentProgramGetUCode
 *fill*         0x0000000000015234        0x4 60000000
 .text.rsxFragmentProgramGetConsts
                0x0000000000015238       0x18 /usr/local/ps3dev/libpsl1ght/ppu/lib/librsx.a(fragment_program.o)
                0x0000000000015238                .rsxFragmentProgramGetConsts
 .text.rsxFragmentProgramGetConst
                0x0000000000015250       0xdc /usr/local/ps3dev/libpsl1ght/ppu/lib/librsx.a(fragment_program.o)
                0x0000000000015250                .rsxFragmentProgramGetConst
 *fill*         0x000000000001532c        0x4 60000000
 .text.rsxFragmentProgramGetAttribs
                0x0000000000015330       0x18 /usr/local/ps3dev/libpsl1ght/ppu/lib/librsx.a(fragment_program.o)
                0x0000000000015330                .rsxFragmentProgramGetAttribs
 .text.rsxFragmentProgramGetAttrib
                0x0000000000015348       0xe4 /usr/local/ps3dev/libpsl1ght/ppu/lib/librsx.a(fragment_program.o)
                0x0000000000015348                .rsxFragmentProgramGetAttrib
 *fill*         0x000000000001542c        0x4 60000000
 .text.rsxFragmentProgramGetConstOffsetTable
                0x0000000000015430       0x14 /usr/local/ps3dev/libpsl1ght/ppu/lib/librsx.a(fragment_program.o)
                0x0000000000015430                .rsxFragmentProgramGetConstOffsetTable
 .text          0x0000000000015444        0x0 /usr/local/ps3dev/libpsl1ght/ppu/lib/libgcm_sys.a(sprx.o)
 .text          0x0000000000015444        0x0 /usr/local/ps3dev/libpsl1ght/ppu/lib/libio.a(sprx.o)
 .text          0x0000000000015444        0x0 /usr/local/ps3dev/libpsl1ght/ppu/lib/libsysutil.a(sprx.o)
 .text          0x0000000000015444        0x0 /usr/local/ps3dev/libpsl1ght/ppu/lib/libsysutil.a(sysutil_wrapper.o)
 *fill*         0x0000000000015444        0x4 60000000
 .text.sysUtilRegisterCallback
                0x0000000000015448       0x34 /usr/local/ps3dev/libpsl1ght/ppu/lib/libsysutil.a(sysutil_wrapper.o)
                0x0000000000015448                .sysUtilRegisterCallback
 *fill*         0x000000000001547c        0x4 60000000
 .text.msgDialogOpen
                0x0000000000015480       0x34 /usr/local/ps3dev/libpsl1ght/ppu/lib/libsysutil.a(sysutil_wrapper.o)
                0x0000000000015480                .msgDialogOpen
 *fill*         0x00000000000154b4        0x4 60000000
 .text.msgDialogOpen2
                0x00000000000154b8       0x34 /usr/local/ps3dev/libpsl1ght/ppu/lib/libsysutil.a(sysutil_wrapper.o)
                0x00000000000154b8                .msgDialogOpen2
 *fill*         0x00000000000154ec        0x4 60000000
 .text.msgDialogOpenErrorCode
                0x00000000000154f0       0x34 /usr/local/ps3dev/libpsl1ght/ppu/lib/libsysutil.a(sysutil_wrapper.o)
                0x00000000000154f0                .msgDialogOpenErrorCode
 *fill*         0x0000000000015524        0x4 60000000
 .text.sysSaveListLoad2
                0x0000000000015528       0x3c /usr/local/ps3dev/libpsl1ght/ppu/lib/libsysutil.a(sysutil_wrapper.o)
                0x0000000000015528                .sysSaveListLoad2
 *fill*         0x0000000000015564        0x4 60000000
 .text.sysSaveListSave2
                0x0000000000015568       0x3c /usr/local/ps3dev/libpsl1ght/ppu/lib/libsysutil.a(sysutil_wrapper.o)
                0x0000000000015568                .sysSaveListSave2
 *fill*         0x00000000000155a4        0x4 60000000
 .text.sysSaveListAutoLoad
                0x00000000000155a8       0x44 /usr/local/ps3dev/libpsl1ght/ppu/lib/libsysutil.a(sysutil_wrapper.o)
                0x00000000000155a8                .sysSaveListAutoLoad
 *fill*         0x00000000000155ec        0x4 60000000
 .text.sysSaveListAutoSave
                0x00000000000155f0       0x44 /usr/local/ps3dev/libpsl1ght/ppu/lib/libsysutil.a(sysutil_wrapper.o)
                0x00000000000155f0                .sysSaveListAutoSave
 *fill*         0x0000000000015634        0x4 60000000
 .text.sysSaveFixedLoad2
                0x0000000000015638       0x3c /usr/local/ps3dev/libpsl1ght/ppu/lib/libsysutil.a(sysutil_wrapper.o)
                0x0000000000015638                .sysSaveFixedLoad2
 *fill*         0x0000000000015674        0x4 60000000
 .text.sysSaveFixedSave2
                0x0000000000015678       0x3c /usr/local/ps3dev/libpsl1ght/ppu/lib/libsysutil.a(sysutil_wrapper.o)
                0x0000000000015678                .sysSaveFixedSave2
 *fill*         0x00000000000156b4        0x4 60000000
 .text.sysSaveAutoLoad2
                0x00000000000156b8       0x38 /usr/local/ps3dev/libpsl1ght/ppu/lib/libsysutil.a(sysutil_wrapper.o)
                0x00000000000156b8                .sysSaveAutoLoad2
 .text.sysSaveAutoSave2
                0x00000000000156f0       0x38 /usr/local/ps3dev/libpsl1ght/ppu/lib/libsysutil.a(sysutil_wrapper.o)
                0x00000000000156f0                .sysSaveAutoSave2
 .text.sysDiscRegisterDiscChangeCallback
                0x0000000000015728       0x38 /usr/local/ps3dev/libpsl1ght/ppu/lib/libsysutil.a(sysutil_wrapper.o)
                0x0000000000015728                .sysDiscRegisterDiscChangeCallback
 .text          0x0000000000015760        0x0 /usr/local/ps3dev/libpsl1ght/ppu/lib/librt.a(sbrk.o)
 .text.sbrk_init
                0x0000000000015760       0xc4 /usr/local/ps3dev/libpsl1ght/ppu/lib/librt.a(sbrk.o)
 *fill*         0x0000000000015824        0x4 60000000
 .text.sbrk_deinit
                0x0000000000015828       0xbc /usr/local/ps3dev/libpsl1ght/ppu/lib/librt.a(sbrk.o)
 *fill*         0x00000000000158e4        0x4 60000000
 .text.__librt_sbrk_r
                0x00000000000158e8      0x324 /usr/local/ps3dev/libpsl1ght/ppu/lib/librt.a(sbrk.o)
                0x00000000000158e8                .__librt_sbrk_r
 .text          0x0000000000015c0c        0x0 /usr/local/ps3dev/libpsl1ght/ppu/lib/librt.a(exit.o)
 *fill*         0x0000000000015c0c        0x4 60000000
 .text.__librt_exit
                0x0000000000015c10       0x30 /usr/local/ps3dev/libpsl1ght/ppu/lib/librt.a(exit.o)
                0x0000000000015c10                .__librt_exit
 .text          0x0000000000015c40        0x0 /usr/local/ps3dev/libpsl1ght/ppu/lib/librt.a(close.o)
 .text.__librt_close_r
                0x0000000000015c40       0x8c /usr/local/ps3dev/libpsl1ght/ppu/lib/librt.a(close.o)
                0x0000000000015c40                .__librt_close_r
 .text          0x0000000000015ccc        0x0 /usr/local/ps3dev/libpsl1ght/ppu/lib/librt.a(lseek.o)
 *fill*         0x0000000000015ccc        0x4 60000000
 .text.__librt_lseek_r
                0x0000000000015cd0       0x8c /usr/local/ps3dev/libpsl1ght/ppu/lib/librt.a(lseek.o)
                0x0000000000015cd0                .__librt_lseek_r
 *fill*         0x0000000000015d5c        0x4 60000000
 .text.__librt_lseek64_r
                0x0000000000015d60       0x8c /usr/local/ps3dev/libpsl1ght/ppu/lib/librt.a(lseek.o)
                0x0000000000015d60                .__librt_lseek64_r
 .text          0x0000000000015dec        0x0 /usr/local/ps3dev/libpsl1ght/ppu/lib/librt.a(read.o)
 *fill*         0x0000000000015dec        0x4 60000000
 .text.__librt_read_r
                0x0000000000015df0      0x11c /usr/local/ps3dev/libpsl1ght/ppu/lib/librt.a(read.o)
                0x0000000000015df0                .__librt_read_r
 .text          0x0000000000015f0c        0x0 /usr/local/ps3dev/libpsl1ght/ppu/lib/librt.a(open.o)
 *fill*         0x0000000000015f0c        0x4 60000000
 .text.__librt_open_r
                0x0000000000015f10      0x180 /usr/local/ps3dev/libpsl1ght/ppu/lib/librt.a(open.o)
                0x0000000000015f10                .__librt_open_r
 .text          0x0000000000016090        0x0 /usr/local/ps3dev/libpsl1ght/ppu/lib/librt.a(sleep.o)
 .text.__librt_usleep_r
                0x0000000000016090       0x50 /usr/local/ps3dev/libpsl1ght/ppu/lib/librt.a(sleep.o)
                0x0000000000016090                .__librt_usleep_r
 .text.__librt_sleep_r
                0x00000000000160e0       0x8c /usr/local/ps3dev/libpsl1ght/ppu/lib/librt.a(sleep.o)
                0x00000000000160e0                .__librt_sleep_r
 .text          0x000000000001616c        0x0 /usr/local/ps3dev/libpsl1ght/ppu/lib/librt.a(write.o)
 *fill*         0x000000000001616c        0x4 60000000
 .text.__librt_write_r
                0x0000000000016170      0x11c /usr/local/ps3dev/libpsl1ght/ppu/lib/librt.a(write.o)
                0x0000000000016170                .__librt_write_r
 .text          0x000000000001628c        0x0 /usr/local/ps3dev/libpsl1ght/ppu/lib/librt.a(fstat.o)
 *fill*         0x000000000001628c        0x4 60000000
 .text.__librt_fstat_r
                0x0000000000016290       0xd0 /usr/local/ps3dev/libpsl1ght/ppu/lib/librt.a(fstat.o)
                0x0000000000016290                .__librt_fstat_r
 .text.__librt_fstat64_r
                0x0000000000016360       0xd0 /usr/local/ps3dev/libpsl1ght/ppu/lib/librt.a(fstat.o)
                0x0000000000016360                .__librt_fstat64_r
 .text.__librt_stat_r
                0x0000000000016430       0xd0 /usr/local/ps3dev/libpsl1ght/ppu/lib/librt.a(fstat.o)
                0x0000000000016430                .__librt_stat_r
 .text.__librt_stat64_r
                0x0000000000016500       0xd0 /usr/local/ps3dev/libpsl1ght/ppu/lib/librt.a(fstat.o)
                0x0000000000016500                .__librt_stat64_r
 .text          0x00000000000165d0        0x0 /usr/local/ps3dev/libpsl1ght/ppu/lib/librt.a(socket.o)
 .text.accept   0x00000000000165d0       0xa0 /usr/local/ps3dev/libpsl1ght/ppu/lib/librt.a(socket.o)
                0x00000000000165d0                .accept
 .text.bind     0x0000000000016670       0x48 /usr/local/ps3dev/libpsl1ght/ppu/lib/librt.a(socket.o)
                0x0000000000016670                .bind
 .text.connect  0x00000000000166b8       0x48 /usr/local/ps3dev/libpsl1ght/ppu/lib/librt.a(socket.o)
                0x00000000000166b8                .connect
 .text.listen   0x0000000000016700       0x48 /usr/local/ps3dev/libpsl1ght/ppu/lib/librt.a(socket.o)
                0x0000000000016700                .listen
 .text.socket   0x0000000000016748       0x54 /usr/local/ps3dev/libpsl1ght/ppu/lib/librt.a(socket.o)
                0x0000000000016748                .socket
 *fill*         0x000000000001679c        0x4 60000000
 .text.send     0x00000000000167a0       0x50 /usr/local/ps3dev/libpsl1ght/ppu/lib/librt.a(socket.o)
                0x00000000000167a0                .send
 .text.sendto   0x00000000000167f0       0x48 /usr/local/ps3dev/libpsl1ght/ppu/lib/librt.a(socket.o)
                0x00000000000167f0                .sendto
 .text.recv     0x0000000000016838       0x50 /usr/local/ps3dev/libpsl1ght/ppu/lib/librt.a(socket.o)
                0x0000000000016838                .recv
 .text.recvfrom
                0x0000000000016888       0x98 /usr/local/ps3dev/libpsl1ght/ppu/lib/librt.a(socket.o)
                0x0000000000016888                .recvfrom
 .text.shutdown
                0x0000000000016920       0x48 /usr/local/ps3dev/libpsl1ght/ppu/lib/librt.a(socket.o)
                0x0000000000016920                .shutdown
 .text.inet_aton
                0x0000000000016968       0xb8 /usr/local/ps3dev/libpsl1ght/ppu/lib/librt.a(socket.o)
                0x0000000000016968                .inet_aton
 .text.inet_pton
                0x0000000000016a20       0x54 /usr/local/ps3dev/libpsl1ght/ppu/lib/librt.a(socket.o)
                0x0000000000016a20                .inet_pton
 *fill*         0x0000000000016a74        0x4 60000000
 .text.select   0x0000000000016a78       0x3c /usr/local/ps3dev/libpsl1ght/ppu/lib/librt.a(socket.o)
                0x0000000000016a78                .select
 *fill*         0x0000000000016ab4        0x4 60000000
 .text.closesocket
                0x0000000000016ab8       0x48 /usr/local/ps3dev/libpsl1ght/ppu/lib/librt.a(socket.o)
                0x0000000000016ab8                .closesocket
 .text          0x0000000000016b00        0x0 /usr/local/ps3dev/libpsl1ght/ppu/lib/librt.a(lock.o)
 .text.__librt_sys_lwmutex_create_r
                0x0000000000016b00       0x38 /usr/local/ps3dev/libpsl1ght/ppu/lib/librt.a(lock.o)
                0x0000000000016b00                .__librt_sys_lwmutex_create_r
 .text.__librt_sys_lwmutex_destroy_r
                0x0000000000016b38       0x34 /usr/local/ps3dev/libpsl1ght/ppu/lib/librt.a(lock.o)
                0x0000000000016b38                .__librt_sys_lwmutex_destroy_r
 *fill*         0x0000000000016b6c        0x4 60000000
 .text.__librt_sys_lwmutex_lock_r
                0x0000000000016b70       0x38 /usr/local/ps3dev/libpsl1ght/ppu/lib/librt.a(lock.o)
                0x0000000000016b70                .__librt_sys_lwmutex_lock_r
 .text.__librt_sys_lwmutex_trylock_r
                0x0000000000016ba8       0x34 /usr/local/ps3dev/libpsl1ght/ppu/lib/librt.a(lock.o)
                0x0000000000016ba8                .__librt_sys_lwmutex_trylock_r
 *fill*         0x0000000000016bdc        0x4 60000000
 .text.__librt_sys_lwmutex_unlock_r
                0x0000000000016be0       0x34 /usr/local/ps3dev/libpsl1ght/ppu/lib/librt.a(lock.o)
                0x0000000000016be0                .__librt_sys_lwmutex_unlock_r
 .text          0x0000000000016c14        0x0 /usr/local/ps3dev/libpsl1ght/ppu/lib/librt.a(dirent.o)
 *fill*         0x0000000000016c14        0x4 60000000
 .text.readdir_i
                0x0000000000016c18      0x10c /usr/local/ps3dev/libpsl1ght/ppu/lib/librt.a(dirent.o)
 *fill*         0x0000000000016d24        0x4 60000000
 .text.__librt_opendir_r
                0x0000000000016d28      0x144 /usr/local/ps3dev/libpsl1ght/ppu/lib/librt.a(dirent.o)
                0x0000000000016d28                .__librt_opendir_r
 *fill*         0x0000000000016e6c        0x4 60000000
 .text.__librt_readdir_r
                0x0000000000016e70       0x80 /usr/local/ps3dev/libpsl1ght/ppu/lib/librt.a(dirent.o)
                0x0000000000016e70                .__librt_readdir_r
 .text.__librt_readdir_r_r
                0x0000000000016ef0       0x54 /usr/local/ps3dev/libpsl1ght/ppu/lib/librt.a(dirent.o)
                0x0000000000016ef0                .__librt_readdir_r_r
 *fill*         0x0000000000016f44        0x4 60000000
 .text.__librt_closedir_r
                0x0000000000016f48       0x84 /usr/local/ps3dev/libpsl1ght/ppu/lib/librt.a(dirent.o)
                0x0000000000016f48                .__librt_closedir_r
 *fill*         0x0000000000016fcc        0x4 60000000
 .text.__librt_telldir_r
                0x0000000000016fd0       0x24 /usr/local/ps3dev/libpsl1ght/ppu/lib/librt.a(dirent.o)
                0x0000000000016fd0                .__librt_telldir_r
 *fill*         0x0000000000016ff4        0x4 60000000
 .text.__librt_rewinddir_r
                0x0000000000016ff8       0x18 /usr/local/ps3dev/libpsl1ght/ppu/lib/librt.a(dirent.o)
                0x0000000000016ff8                .__librt_rewinddir_r
 .text.__librt_seekdir_r
                0x0000000000017010       0x18 /usr/local/ps3dev/libpsl1ght/ppu/lib/librt.a(dirent.o)
                0x0000000000017010                .__librt_seekdir_r
 .text          0x0000000000017028        0x0 /usr/local/ps3dev/libpsl1ght/ppu/lib/librt.a(mkdir.o)
 .text.__librt_mkdir_r
                0x0000000000017028       0x60 /usr/local/ps3dev/libpsl1ght/ppu/lib/librt.a(mkdir.o)
                0x0000000000017028                .__librt_mkdir_r
 .text          0x0000000000017088        0x0 /usr/local/ps3dev/libpsl1ght/ppu/lib/librt.a(times.o)
 .text.__librt_times_r
                0x0000000000017088       0x1c /usr/local/ps3dev/libpsl1ght/ppu/lib/librt.a(times.o)
                0x0000000000017088                .__librt_times_r
 .text          0x00000000000170a4        0x0 /usr/local/ps3dev/libpsl1ght/ppu/lib/librt.a(umask.o)
 *fill*         0x00000000000170a4        0x4 60000000
 .text.__librt_umask_r
                0x00000000000170a8       0x20 /usr/local/ps3dev/libpsl1ght/ppu/lib/librt.a(umask.o)
                0x00000000000170a8                .__librt_umask_r
 .text          0x00000000000170c8        0x0 /usr/local/ps3dev/libpsl1ght/ppu/lib/librt.a(lv2errno.o)
 .text.lv2error
                0x00000000000170c8      0x3dc /usr/local/ps3dev/libpsl1ght/ppu/lib/librt.a(lv2errno.o)
                0x00000000000170c8                .lv2error
 *fill*         0x00000000000174a4        0x4 60000000
 .text.lv2errno
                0x00000000000174a8       0x68 /usr/local/ps3dev/libpsl1ght/ppu/lib/librt.a(lv2errno.o)
                0x00000000000174a8                .lv2errno
 .text.lv2errno_r
                0x0000000000017510       0x58 /usr/local/ps3dev/libpsl1ght/ppu/lib/librt.a(lv2errno.o)
                0x0000000000017510                .lv2errno_r
 .text          0x0000000000017568        0x0 /usr/local/ps3dev/libpsl1ght/ppu/lib/librt.a(heap.o)
 .text.heapInit
                0x0000000000017568       0xe8 /usr/local/ps3dev/libpsl1ght/ppu/lib/librt.a(heap.o)
                0x0000000000017568                .heapInit
 .text.heapAllocate
                0x0000000000017650      0x174 /usr/local/ps3dev/libpsl1ght/ppu/lib/librt.a(heap.o)
                0x0000000000017650                .heapAllocate
 *fill*         0x00000000000177c4        0x4 60000000
 .text.heapAllocateAligned
                0x00000000000177c8      0x224 /usr/local/ps3dev/libpsl1ght/ppu/lib/librt.a(heap.o)
                0x00000000000177c8                .heapAllocateAligned
 *fill*         0x00000000000179ec        0x4 60000000
 .text.heapFree
                0x00000000000179f0      0x224 /usr/local/ps3dev/libpsl1ght/ppu/lib/librt.a(heap.o)
                0x00000000000179f0                .heapFree
 .text          0x0000000000017c14        0x0 /usr/local/ps3dev/libpsl1ght/ppu/lib/librt.a(chmod.o)
 *fill*         0x0000000000017c14        0x4 60000000
 .text.__librt_chmod_r
                0x0000000000017c18       0x54 /usr/local/ps3dev/libpsl1ght/ppu/lib/librt.a(chmod.o)
                0x0000000000017c18                .__librt_chmod_r
 .text          0x0000000000017c6c        0x0 /usr/local/ps3dev/libpsl1ght/ppu/lib/librt.a(rmdir.o)
 *fill*         0x0000000000017c6c        0x4 60000000
 .text.__librt_rmdir_r
                0x0000000000017c70       0x50 /usr/local/ps3dev/libpsl1ght/ppu/lib/librt.a(rmdir.o)
                0x0000000000017c70                .__librt_rmdir_r
 .text          0x0000000000017cc0        0x0 /usr/local/ps3dev/libpsl1ght/ppu/lib/librt.a(isatty.o)
 .text.__librt_isatty_r
                0x0000000000017cc0       0x2c /usr/local/ps3dev/libpsl1ght/ppu/lib/librt.a(isatty.o)
                0x0000000000017cc0                .__librt_isatty_r
 .text          0x0000000000017cec        0x0 /usr/local/ps3dev/libpsl1ght/ppu/lib/librt.a(gettod.o)
 *fill*         0x0000000000017cec        0x4 60000000
 .text.__librt_gettod_r
                0x0000000000017cf0       0xb8 /usr/local/ps3dev/libpsl1ght/ppu/lib/librt.a(gettod.o)
                0x0000000000017cf0                .__librt_gettod_r
 .text          0x0000000000017da8        0x0 /usr/local/ps3dev/libpsl1ght/ppu/lib/librt.a(settod.o)
 .text.__librt_settod_r
                0x0000000000017da8       0x58 /usr/local/ps3dev/libpsl1ght/ppu/lib/librt.a(settod.o)
                0x0000000000017da8                .__librt_settod_r
 .text          0x0000000000017e00        0x0 /usr/local/ps3dev/libpsl1ght/ppu/lib/liblv2.a(sprx.o)
 .text          0x0000000000017e00        0x0 /usr/local/ps3dev/ppu/lib/gcc/powerpc64-ps3-elf/4.5.2/../../../../powerpc64-ps3-elf/lib/libsysbase.a(syscalls.o)
 .text          0x0000000000017e00        0x0 /usr/local/ps3dev/ppu/lib/gcc/powerpc64-ps3-elf/4.5.2/../../../../powerpc64-ps3-elf/lib/libsysbase.a(sleep.o)
 .text.usleep   0x0000000000017e00       0x84 /usr/local/ps3dev/ppu/lib/gcc/powerpc64-ps3-elf/4.5.2/../../../../powerpc64-ps3-elf/lib/libsysbase.a(sleep.o)
                0x0000000000017e00                .usleep
 *fill*         0x0000000000017e84        0x4 60000000
 .text.sleep    0x0000000000017e88       0x98 /usr/local/ps3dev/ppu/lib/gcc/powerpc64-ps3-elf/4.5.2/../../../../powerpc64-ps3-elf/lib/libsysbase.a(sleep.o)
                0x0000000000017e88                .sleep
 .text          0x0000000000017f20        0x0 /usr/local/ps3dev/ppu/lib/gcc/powerpc64-ps3-elf/4.5.2/../../../../powerpc64-ps3-elf/lib/libc.a(lib_a-atexit.o)
 .text.atexit   0x0000000000017f20       0x40 /usr/local/ps3dev/ppu/lib/gcc/powerpc64-ps3-elf/4.5.2/../../../../powerpc64-ps3-elf/lib/libc.a(lib_a-atexit.o)
                0x0000000000017f20                .atexit
 .text          0x0000000000017f60        0x0 /usr/local/ps3dev/ppu/lib/gcc/powerpc64-ps3-elf/4.5.2/../../../../powerpc64-ps3-elf/lib/libc.a(lib_a-errno.o)
 .text.__errno  0x0000000000017f60       0x30 /usr/local/ps3dev/ppu/lib/gcc/powerpc64-ps3-elf/4.5.2/../../../../powerpc64-ps3-elf/lib/libc.a(lib_a-errno.o)
                0x0000000000017f60                .__errno
 .text          0x0000000000017f90        0x0 /usr/local/ps3dev/ppu/lib/gcc/powerpc64-ps3-elf/4.5.2/../../../../powerpc64-ps3-elf/lib/libc.a(lib_a-exit.o)
 .text.exit     0x0000000000017f90       0x68 /usr/local/ps3dev/ppu/lib/gcc/powerpc64-ps3-elf/4.5.2/../../../../powerpc64-ps3-elf/lib/libc.a(lib_a-exit.o)
                0x0000000000017f90                .exit
 .text          0x0000000000017ff8        0x0 /usr/local/ps3dev/ppu/lib/gcc/powerpc64-ps3-elf/4.5.2/../../../../powerpc64-ps3-elf/lib/libc.a(lib_a-getreent.o)
 .text.__getreent
                0x0000000000017ff8      0x1f0 /usr/local/ps3dev/ppu/lib/gcc/powerpc64-ps3-elf/4.5.2/../../../../powerpc64-ps3-elf/lib/libc.a(lib_a-getreent.o)
                0x0000000000017ff8                .__getreent
 .text          0x00000000000181e8        0x0 /usr/local/ps3dev/ppu/lib/gcc/powerpc64-ps3-elf/4.5.2/../../../../powerpc64-ps3-elf/lib/libc.a(lib_a-impure.o)
 .text          0x00000000000181e8        0x0 /usr/local/ps3dev/ppu/lib/gcc/powerpc64-ps3-elf/4.5.2/../../../../powerpc64-ps3-elf/lib/libc.a(lib_a-malign.o)
 .text.memalign
                0x00000000000181e8       0x58 /usr/local/ps3dev/ppu/lib/gcc/powerpc64-ps3-elf/4.5.2/../../../../powerpc64-ps3-elf/lib/libc.a(lib_a-malign.o)
                0x00000000000181e8                .memalign
 .text          0x0000000000018240        0x0 /usr/local/ps3dev/ppu/lib/gcc/powerpc64-ps3-elf/4.5.2/../../../../powerpc64-ps3-elf/lib/libc.a(lib_a-malignr.o)
 .text._memalign_r
                0x0000000000018240      0x214 /usr/local/ps3dev/ppu/lib/gcc/powerpc64-ps3-elf/4.5.2/../../../../powerpc64-ps3-elf/lib/libc.a(lib_a-malignr.o)
                0x0000000000018240                ._memalign_r
 .text          0x0000000000018454        0x0 /usr/local/ps3dev/ppu/lib/gcc/powerpc64-ps3-elf/4.5.2/../../../../powerpc64-ps3-elf/lib/libc.a(lib_a-malloc.o)
 *fill*         0x0000000000018454        0x4 60000000
 .text.malloc   0x0000000000018458       0x48 /usr/local/ps3dev/ppu/lib/gcc/powerpc64-ps3-elf/4.5.2/../../../../powerpc64-ps3-elf/lib/libc.a(lib_a-malloc.o)
                0x0000000000018458                .malloc
 .text.free     0x00000000000184a0       0x48 /usr/local/ps3dev/ppu/lib/gcc/powerpc64-ps3-elf/4.5.2/../../../../powerpc64-ps3-elf/lib/libc.a(lib_a-malloc.o)
                0x00000000000184a0                .free
 .text          0x00000000000184e8        0x0 /usr/local/ps3dev/ppu/lib/gcc/powerpc64-ps3-elf/4.5.2/../../../../powerpc64-ps3-elf/lib/libc.a(lib_a-mallocr.o)
 .text._malloc_r
                0x00000000000184e8      0x944 /usr/local/ps3dev/ppu/lib/gcc/powerpc64-ps3-elf/4.5.2/../../../../powerpc64-ps3-elf/lib/libc.a(lib_a-mallocr.o)
                0x00000000000184e8                ._malloc_r
 .text          0x0000000000018e2c        0x0 /usr/local/ps3dev/ppu/lib/gcc/powerpc64-ps3-elf/4.5.2/../../../../powerpc64-ps3-elf/lib/libc.a(lib_a-memset.o)
 *fill*         0x0000000000018e2c        0x4 60000000
 .text.memset   0x0000000000018e30      0x130 /usr/local/ps3dev/ppu/lib/gcc/powerpc64-ps3-elf/4.5.2/../../../../powerpc64-ps3-elf/lib/libc.a(lib_a-memset.o)
                0x0000000000018e30                .memset
 .text          0x0000000000018f60        0x0 /usr/local/ps3dev/ppu/lib/gcc/powerpc64-ps3-elf/4.5.2/../../../../powerpc64-ps3-elf/lib/libc.a(lib_a-mlock.o)
 .text.__malloc_lock
                0x0000000000018f60       0x34 /usr/local/ps3dev/ppu/lib/gcc/powerpc64-ps3-elf/4.5.2/../../../../powerpc64-ps3-elf/lib/libc.a(lib_a-mlock.o)
                0x0000000000018f60                .__malloc_lock
 *fill*         0x0000000000018f94        0x4 60000000
 .text.__malloc_unlock
                0x0000000000018f98       0x34 /usr/local/ps3dev/ppu/lib/gcc/powerpc64-ps3-elf/4.5.2/../../../../powerpc64-ps3-elf/lib/libc.a(lib_a-mlock.o)
                0x0000000000018f98                .__malloc_unlock
 .text          0x0000000000018fcc        0x0 /usr/local/ps3dev/ppu/lib/gcc/powerpc64-ps3-elf/4.5.2/../../../../powerpc64-ps3-elf/lib/libc.a(lib_a-puts.o)
 *fill*         0x0000000000018fcc        0x4 60000000
 .text._puts_r  0x0000000000018fd0      0x114 /usr/local/ps3dev/ppu/lib/gcc/powerpc64-ps3-elf/4.5.2/../../../../powerpc64-ps3-elf/lib/libc.a(lib_a-puts.o)
                0x0000000000018fd0                ._puts_r
 *fill*         0x00000000000190e4        0x4 60000000
 .text.puts     0x00000000000190e8       0x40 /usr/local/ps3dev/ppu/lib/gcc/powerpc64-ps3-elf/4.5.2/../../../../powerpc64-ps3-elf/lib/libc.a(lib_a-puts.o)
                0x00000000000190e8                .puts
 .text          0x0000000000019128        0x0 /usr/local/ps3dev/ppu/lib/gcc/powerpc64-ps3-elf/4.5.2/../../../../powerpc64-ps3-elf/lib/libc.a(lib_a-sscanf.o)
 .text.sscanf   0x0000000000019128       0xa8 /usr/local/ps3dev/ppu/lib/gcc/powerpc64-ps3-elf/4.5.2/../../../../powerpc64-ps3-elf/lib/libc.a(lib_a-sscanf.o)
                0x0000000000019128                .sscanf
 .text._sscanf_r
                0x00000000000191d0       0xa8 /usr/local/ps3dev/ppu/lib/gcc/powerpc64-ps3-elf/4.5.2/../../../../powerpc64-ps3-elf/lib/libc.a(lib_a-sscanf.o)
                0x00000000000191d0                ._sscanf_r
 .text          0x0000000000019278        0x0 /usr/local/ps3dev/ppu/lib/gcc/powerpc64-ps3-elf/4.5.2/../../../../powerpc64-ps3-elf/lib/libc.a(lib_a-stdio.o)
 .text.__sread  0x0000000000019278       0x80 /usr/local/ps3dev/ppu/lib/gcc/powerpc64-ps3-elf/4.5.2/../../../../powerpc64-ps3-elf/lib/libc.a(lib_a-stdio.o)
                0x0000000000019278                .__sread
 .text.__seofread
                0x00000000000192f8       0x14 /usr/local/ps3dev/ppu/lib/gcc/powerpc64-ps3-elf/4.5.2/../../../../powerpc64-ps3-elf/lib/libc.a(lib_a-stdio.o)
                0x00000000000192f8                .__seofread
 *fill*         0x000000000001930c        0x4 60000000
 .text.__swrite
                0x0000000000019310       0xbc /usr/local/ps3dev/ppu/lib/gcc/powerpc64-ps3-elf/4.5.2/../../../../powerpc64-ps3-elf/lib/libc.a(lib_a-stdio.o)
                0x0000000000019310                .__swrite
 *fill*         0x00000000000193cc        0x4 60000000
 .text.__sseek  0x00000000000193d0       0x88 /usr/local/ps3dev/ppu/lib/gcc/powerpc64-ps3-elf/4.5.2/../../../../powerpc64-ps3-elf/lib/libc.a(lib_a-stdio.o)
                0x00000000000193d0                .__sseek
 .text.__sclose
                0x0000000000019458       0x3c /usr/local/ps3dev/ppu/lib/gcc/powerpc64-ps3-elf/4.5.2/../../../../powerpc64-ps3-elf/lib/libc.a(lib_a-stdio.o)
                0x0000000000019458                .__sclose
 .text          0x0000000000019494        0x0 /usr/local/ps3dev/ppu/lib/gcc/powerpc64-ps3-elf/4.5.2/../../../../powerpc64-ps3-elf/lib/libc.a(lib_a-strcasecmp.o)
 *fill*         0x0000000000019494        0x4 60000000
 .text.strcasecmp
                0x0000000000019498       0xb8 /usr/local/ps3dev/ppu/lib/gcc/powerpc64-ps3-elf/4.5.2/../../../../powerpc64-ps3-elf/lib/libc.a(lib_a-strcasecmp.o)
                0x0000000000019498                .strcasecmp
 .text          0x0000000000019550        0x0 /usr/local/ps3dev/ppu/lib/gcc/powerpc64-ps3-elf/4.5.2/../../../../powerpc64-ps3-elf/lib/libc.a(lib_a-strlen.o)
 .text.strlen   0x0000000000019550       0xe4 /usr/local/ps3dev/ppu/lib/gcc/powerpc64-ps3-elf/4.5.2/../../../../powerpc64-ps3-elf/lib/libc.a(lib_a-strlen.o)
                0x0000000000019550                .strlen
 .text          0x0000000000019634        0x0 /usr/local/ps3dev/ppu/lib/gcc/powerpc64-ps3-elf/4.5.2/../../../../powerpc64-ps3-elf/lib/libc.a(lib_a-strncpy.o)
 *fill*         0x0000000000019634        0x4 60000000
 .text.strncpy  0x0000000000019638      0x100 /usr/local/ps3dev/ppu/lib/gcc/powerpc64-ps3-elf/4.5.2/../../../../powerpc64-ps3-elf/lib/libc.a(lib_a-strncpy.o)
                0x0000000000019638                .strncpy
 .text          0x0000000000019738        0x0 /usr/local/ps3dev/ppu/lib/gcc/powerpc64-ps3-elf/4.5.2/../../../../powerpc64-ps3-elf/lib/libc.a(lib_a-svfscanf.o)
 .text.__ssvfscanf_r
                0x0000000000019738     0x18d8 /usr/local/ps3dev/ppu/lib/gcc/powerpc64-ps3-elf/4.5.2/../../../../powerpc64-ps3-elf/lib/libc.a(lib_a-svfscanf.o)
                0x0000000000019738                .__ssvfscanf_r
 .text          0x000000000001b010        0x0 /usr/local/ps3dev/ppu/lib/gcc/powerpc64-ps3-elf/4.5.2/../../../../powerpc64-ps3-elf/lib/libc.a(lib_a-__atexit.o)
 .text.__register_exitproc
                0x000000000001b010      0x188 /usr/local/ps3dev/ppu/lib/gcc/powerpc64-ps3-elf/4.5.2/../../../../powerpc64-ps3-elf/lib/libc.a(lib_a-__atexit.o)
                0x000000000001b010                .__register_exitproc
 .text          0x000000000001b198        0x0 /usr/local/ps3dev/ppu/lib/gcc/powerpc64-ps3-elf/4.5.2/../../../../powerpc64-ps3-elf/lib/libc.a(lib_a-__call_atexit.o)
 .text.__call_exitprocs
                0x000000000001b198      0x250 /usr/local/ps3dev/ppu/lib/gcc/powerpc64-ps3-elf/4.5.2/../../../../powerpc64-ps3-elf/lib/libc.a(lib_a-__call_atexit.o)
                0x000000000001b198                .__call_exitprocs
 .text          0x000000000001b3e8        0x0 /usr/local/ps3dev/ppu/lib/gcc/powerpc64-ps3-elf/4.5.2/../../../../powerpc64-ps3-elf/lib/libc.a(lib_a-ctype_.o)
 .text          0x000000000001b3e8        0x0 /usr/local/ps3dev/ppu/lib/gcc/powerpc64-ps3-elf/4.5.2/../../../../powerpc64-ps3-elf/lib/libc.a(lib_a-findfp.o)
 .text._cleanup_r
                0x000000000001b3e8       0x34 /usr/local/ps3dev/ppu/lib/gcc/powerpc64-ps3-elf/4.5.2/../../../../powerpc64-ps3-elf/lib/libc.a(lib_a-findfp.o)
                0x000000000001b3e8                ._cleanup_r
 *fill*         0x000000000001b41c        0x4 60000000
 .text.__fp_unlock
                0x000000000001b420       0x48 /usr/local/ps3dev/ppu/lib/gcc/powerpc64-ps3-elf/4.5.2/../../../../powerpc64-ps3-elf/lib/libc.a(lib_a-findfp.o)
 .text.__fp_lock
                0x000000000001b468       0x48 /usr/local/ps3dev/ppu/lib/gcc/powerpc64-ps3-elf/4.5.2/../../../../powerpc64-ps3-elf/lib/libc.a(lib_a-findfp.o)
 .text.__sfmoreglue
                0x000000000001b4b0       0x94 /usr/local/ps3dev/ppu/lib/gcc/powerpc64-ps3-elf/4.5.2/../../../../powerpc64-ps3-elf/lib/libc.a(lib_a-findfp.o)
                0x000000000001b4b0                .__sfmoreglue
 *fill*         0x000000000001b544        0x4 60000000
 .text._cleanup
                0x000000000001b548       0x18 /usr/local/ps3dev/ppu/lib/gcc/powerpc64-ps3-elf/4.5.2/../../../../powerpc64-ps3-elf/lib/libc.a(lib_a-findfp.o)
                0x000000000001b548                ._cleanup
 .text.__sfp_lock_acquire
                0x000000000001b560       0x34 /usr/local/ps3dev/ppu/lib/gcc/powerpc64-ps3-elf/4.5.2/../../../../powerpc64-ps3-elf/lib/libc.a(lib_a-findfp.o)
                0x000000000001b560                .__sfp_lock_acquire
 *fill*         0x000000000001b594        0x4 60000000
 .text.__sfp_lock_release
                0x000000000001b598       0x34 /usr/local/ps3dev/ppu/lib/gcc/powerpc64-ps3-elf/4.5.2/../../../../powerpc64-ps3-elf/lib/libc.a(lib_a-findfp.o)
                0x000000000001b598                .__sfp_lock_release
 *fill*         0x000000000001b5cc        0x4 60000000
 .text.__sinit_lock_acquire
                0x000000000001b5d0       0x34 /usr/local/ps3dev/ppu/lib/gcc/powerpc64-ps3-elf/4.5.2/../../../../powerpc64-ps3-elf/lib/libc.a(lib_a-findfp.o)
                0x000000000001b5d0                .__sinit_lock_acquire
 *fill*         0x000000000001b604        0x4 60000000
 .text.__sinit_lock_release
                0x000000000001b608       0x34 /usr/local/ps3dev/ppu/lib/gcc/powerpc64-ps3-elf/4.5.2/../../../../powerpc64-ps3-elf/lib/libc.a(lib_a-findfp.o)
                0x000000000001b608                .__sinit_lock_release
 *fill*         0x000000000001b63c        0x4 60000000
 .text.__sinit  0x000000000001b640      0x1d8 /usr/local/ps3dev/ppu/lib/gcc/powerpc64-ps3-elf/4.5.2/../../../../powerpc64-ps3-elf/lib/libc.a(lib_a-findfp.o)
                0x000000000001b640                .__sinit
 .text.__sfp    0x000000000001b818      0x190 /usr/local/ps3dev/ppu/lib/gcc/powerpc64-ps3-elf/4.5.2/../../../../powerpc64-ps3-elf/lib/libc.a(lib_a-findfp.o)
                0x000000000001b818                .__sfp
 .text.__fp_lock_all
                0x000000000001b9a8       0x40 /usr/local/ps3dev/ppu/lib/gcc/powerpc64-ps3-elf/4.5.2/../../../../powerpc64-ps3-elf/lib/libc.a(lib_a-findfp.o)
                0x000000000001b9a8                .__fp_lock_all
 .text.__fp_unlock_all
                0x000000000001b9e8       0x3c /usr/local/ps3dev/ppu/lib/gcc/powerpc64-ps3-elf/4.5.2/../../../../powerpc64-ps3-elf/lib/libc.a(lib_a-findfp.o)
                0x000000000001b9e8                .__fp_unlock_all
 .text          0x000000000001ba24        0x0 /usr/local/ps3dev/ppu/lib/gcc/powerpc64-ps3-elf/4.5.2/../../../../powerpc64-ps3-elf/lib/libc.a(lib_a-freer.o)
 *fill*         0x000000000001ba24        0x4 60000000
 .text._malloc_trim_r
                0x000000000001ba28      0x15c /usr/local/ps3dev/ppu/lib/gcc/powerpc64-ps3-elf/4.5.2/../../../../powerpc64-ps3-elf/lib/libc.a(lib_a-freer.o)
                0x000000000001ba28                ._malloc_trim_r
 *fill*         0x000000000001bb84        0x4 60000000
 .text._free_r  0x000000000001bb88      0x310 /usr/local/ps3dev/ppu/lib/gcc/powerpc64-ps3-elf/4.5.2/../../../../powerpc64-ps3-elf/lib/libc.a(lib_a-freer.o)
                0x000000000001bb88                ._free_r
 .text          0x000000000001be98        0x0 /usr/local/ps3dev/ppu/lib/gcc/powerpc64-ps3-elf/4.5.2/../../../../powerpc64-ps3-elf/lib/libc.a(lib_a-fvwrite.o)
 .text.__sfvwrite_r
                0x000000000001be98      0x684 /usr/local/ps3dev/ppu/lib/gcc/powerpc64-ps3-elf/4.5.2/../../../../powerpc64-ps3-elf/lib/libc.a(lib_a-fvwrite.o)
                0x000000000001be98                .__sfvwrite_r
 .text          0x000000000001c51c        0x0 /usr/local/ps3dev/ppu/lib/gcc/powerpc64-ps3-elf/4.5.2/../../../../powerpc64-ps3-elf/lib/libc.a(lib_a-fwalk.o)
 *fill*         0x000000000001c51c        0x4 60000000
 .text._fwalk   0x000000000001c520       0xfc /usr/local/ps3dev/ppu/lib/gcc/powerpc64-ps3-elf/4.5.2/../../../../powerpc64-ps3-elf/lib/libc.a(lib_a-fwalk.o)
                0x000000000001c520                ._fwalk
 *fill*         0x000000000001c61c        0x4 60000000
 .text._fwalk_reent
                0x000000000001c620      0x108 /usr/local/ps3dev/ppu/lib/gcc/powerpc64-ps3-elf/4.5.2/../../../../powerpc64-ps3-elf/lib/libc.a(lib_a-fwalk.o)
                0x000000000001c620                ._fwalk_reent
 .text          0x000000000001c728        0x0 /usr/local/ps3dev/ppu/lib/gcc/powerpc64-ps3-elf/4.5.2/../../../../powerpc64-ps3-elf/lib/libc.a(lib_a-iswspace.o)
 .text.iswspace
                0x000000000001c728       0x3c /usr/local/ps3dev/ppu/lib/gcc/powerpc64-ps3-elf/4.5.2/../../../../powerpc64-ps3-elf/lib/libc.a(lib_a-iswspace.o)
                0x000000000001c728                .iswspace
 .text          0x000000000001c764        0x0 /usr/local/ps3dev/ppu/lib/gcc/powerpc64-ps3-elf/4.5.2/../../../../powerpc64-ps3-elf/lib/libc.a(lib_a-locale.o)
 *fill*         0x000000000001c764        0x4 60000000
 .text._setlocale_r
                0x000000000001c768       0xa8 /usr/local/ps3dev/ppu/lib/gcc/powerpc64-ps3-elf/4.5.2/../../../../powerpc64-ps3-elf/lib/libc.a(lib_a-locale.o)
                0x000000000001c768                ._setlocale_r
 .text.__locale_charset
                0x000000000001c810       0x14 /usr/local/ps3dev/ppu/lib/gcc/powerpc64-ps3-elf/4.5.2/../../../../powerpc64-ps3-elf/lib/libc.a(lib_a-locale.o)
                0x000000000001c810                .__locale_charset
 *fill*         0x000000000001c824        0x4 60000000
 .text.__locale_mb_cur_max
                0x000000000001c828       0x1c /usr/local/ps3dev/ppu/lib/gcc/powerpc64-ps3-elf/4.5.2/../../../../powerpc64-ps3-elf/lib/libc.a(lib_a-locale.o)
                0x000000000001c828                .__locale_mb_cur_max
 *fill*         0x000000000001c844        0x4 60000000
 .text.__locale_msgcharset
                0x000000000001c848       0x14 /usr/local/ps3dev/ppu/lib/gcc/powerpc64-ps3-elf/4.5.2/../../../../powerpc64-ps3-elf/lib/libc.a(lib_a-locale.o)
                0x000000000001c848                .__locale_msgcharset
 *fill*         0x000000000001c85c        0x4 60000000
 .text.__locale_cjk_lang
                0x000000000001c860       0x14 /usr/local/ps3dev/ppu/lib/gcc/powerpc64-ps3-elf/4.5.2/../../../../powerpc64-ps3-elf/lib/libc.a(lib_a-locale.o)
                0x000000000001c860                .__locale_cjk_lang
 *fill*         0x000000000001c874        0x4 60000000
 .text._localeconv_r
                0x000000000001c878       0x14 /usr/local/ps3dev/ppu/lib/gcc/powerpc64-ps3-elf/4.5.2/../../../../powerpc64-ps3-elf/lib/libc.a(lib_a-locale.o)
                0x000000000001c878                ._localeconv_r
 *fill*         0x000000000001c88c        0x4 60000000
 .text.setlocale
                0x000000000001c890       0x50 /usr/local/ps3dev/ppu/lib/gcc/powerpc64-ps3-elf/4.5.2/../../../../powerpc64-ps3-elf/lib/libc.a(lib_a-locale.o)
                0x000000000001c890                .setlocale
 .text.localeconv
                0x000000000001c8e0       0x34 /usr/local/ps3dev/ppu/lib/gcc/powerpc64-ps3-elf/4.5.2/../../../../powerpc64-ps3-elf/lib/libc.a(lib_a-locale.o)
                0x000000000001c8e0                .localeconv
 .text          0x000000000001c914        0x0 /usr/local/ps3dev/ppu/lib/gcc/powerpc64-ps3-elf/4.5.2/../../../../powerpc64-ps3-elf/lib/libc.a(lib_a-lock_recursive.o)
 *fill*         0x000000000001c914        0x4 60000000
 .text.__libc_lock_init_recursive
                0x000000000001c918       0x34 /usr/local/ps3dev/ppu/lib/gcc/powerpc64-ps3-elf/4.5.2/../../../../powerpc64-ps3-elf/lib/libc.a(lib_a-lock_recursive.o)
                0x000000000001c918                .__libc_lock_init_recursive
 *fill*         0x000000000001c94c        0x4 60000000
 .text.__libc_lock_close_recursive
                0x000000000001c950       0x30 /usr/local/ps3dev/ppu/lib/gcc/powerpc64-ps3-elf/4.5.2/../../../../powerpc64-ps3-elf/lib/libc.a(lib_a-lock_recursive.o)
                0x000000000001c950                .__libc_lock_close_recursive
 .text.__libc_lock_acquire_recursive
                0x000000000001c980       0x58 /usr/local/ps3dev/ppu/lib/gcc/powerpc64-ps3-elf/4.5.2/../../../../powerpc64-ps3-elf/lib/libc.a(lib_a-lock_recursive.o)
                0x000000000001c980                .__libc_lock_acquire_recursive
 .text.__libc_lock_try_acquire_recursive
                0x000000000001c9d8       0x54 /usr/local/ps3dev/ppu/lib/gcc/powerpc64-ps3-elf/4.5.2/../../../../powerpc64-ps3-elf/lib/libc.a(lib_a-lock_recursive.o)
                0x000000000001c9d8                .__libc_lock_try_acquire_recursive
 *fill*         0x000000000001ca2c        0x4 60000000
 .text.__libc_lock_release_recursive
                0x000000000001ca30       0x54 /usr/local/ps3dev/ppu/lib/gcc/powerpc64-ps3-elf/4.5.2/../../../../powerpc64-ps3-elf/lib/libc.a(lib_a-lock_recursive.o)
                0x000000000001ca30                .__libc_lock_release_recursive
 .text          0x000000000001ca84        0x0 /usr/local/ps3dev/ppu/lib/gcc/powerpc64-ps3-elf/4.5.2/../../../../powerpc64-ps3-elf/lib/libc.a(lib_a-mbrtowc.o)
 *fill*         0x000000000001ca84        0x4 60000000
 .text._mbrtowc_r
                0x000000000001ca88      0x10c /usr/local/ps3dev/ppu/lib/gcc/powerpc64-ps3-elf/4.5.2/../../../../powerpc64-ps3-elf/lib/libc.a(lib_a-mbrtowc.o)
                0x000000000001ca88                ._mbrtowc_r
 *fill*         0x000000000001cb94        0x4 60000000
 .text.mbrtowc  0x000000000001cb98      0x170 /usr/local/ps3dev/ppu/lib/gcc/powerpc64-ps3-elf/4.5.2/../../../../powerpc64-ps3-elf/lib/libc.a(lib_a-mbrtowc.o)
                0x000000000001cb98                .mbrtowc
 .text          0x000000000001cd08        0x0 /usr/local/ps3dev/ppu/lib/gcc/powerpc64-ps3-elf/4.5.2/../../../../powerpc64-ps3-elf/lib/libc.a(lib_a-mbtowc_r.o)
 .text.__ascii_mbtowc
                0x000000000001cd08       0x58 /usr/local/ps3dev/ppu/lib/gcc/powerpc64-ps3-elf/4.5.2/../../../../powerpc64-ps3-elf/lib/libc.a(lib_a-mbtowc_r.o)
                0x000000000001cd08                .__ascii_mbtowc
 .text._mbtowc_r
                0x000000000001cd60       0x98 /usr/local/ps3dev/ppu/lib/gcc/powerpc64-ps3-elf/4.5.2/../../../../powerpc64-ps3-elf/lib/libc.a(lib_a-mbtowc_r.o)
                0x000000000001cd60                ._mbtowc_r
 .text          0x000000000001cdf8        0x0 /usr/local/ps3dev/ppu/lib/gcc/powerpc64-ps3-elf/4.5.2/../../../../powerpc64-ps3-elf/lib/libc.a(lib_a-memchr.o)
 .text.memchr   0x000000000001cdf8      0x13c /usr/local/ps3dev/ppu/lib/gcc/powerpc64-ps3-elf/4.5.2/../../../../powerpc64-ps3-elf/lib/libc.a(lib_a-memchr.o)
                0x000000000001cdf8                .memchr
 .text          0x000000000001cf34        0x0 /usr/local/ps3dev/ppu/lib/gcc/powerpc64-ps3-elf/4.5.2/../../../../powerpc64-ps3-elf/lib/libc.a(lib_a-memcpy.o)
 *fill*         0x000000000001cf34        0x4 60000000
 .text.memcpy   0x000000000001cf38       0xf8 /usr/local/ps3dev/ppu/lib/gcc/powerpc64-ps3-elf/4.5.2/../../../../powerpc64-ps3-elf/lib/libc.a(lib_a-memcpy.o)
                0x000000000001cf38                .memcpy
 .text          0x000000000001d030        0x0 /usr/local/ps3dev/ppu/lib/gcc/powerpc64-ps3-elf/4.5.2/../../../../powerpc64-ps3-elf/lib/libc.a(lib_a-memmove.o)
 .text.memmove  0x000000000001d030      0x130 /usr/local/ps3dev/ppu/lib/gcc/powerpc64-ps3-elf/4.5.2/../../../../powerpc64-ps3-elf/lib/libc.a(lib_a-memmove.o)
                0x000000000001d030                .memmove
 .text          0x000000000001d160        0x0 /usr/local/ps3dev/ppu/lib/gcc/powerpc64-ps3-elf/4.5.2/../../../../powerpc64-ps3-elf/lib/libc.a(lib_a-reallocr.o)
 .text._realloc_r
                0x000000000001d160      0x710 /usr/local/ps3dev/ppu/lib/gcc/powerpc64-ps3-elf/4.5.2/../../../../powerpc64-ps3-elf/lib/libc.a(lib_a-reallocr.o)
                0x000000000001d160                ._realloc_r
 .text          0x000000000001d870        0x0 /usr/local/ps3dev/ppu/lib/gcc/powerpc64-ps3-elf/4.5.2/../../../../powerpc64-ps3-elf/lib/libc.a(lib_a-sccl.o)
 .text.__sccl   0x000000000001d870      0x120 /usr/local/ps3dev/ppu/lib/gcc/powerpc64-ps3-elf/4.5.2/../../../../powerpc64-ps3-elf/lib/libc.a(lib_a-sccl.o)
                0x000000000001d870                .__sccl
 .text          0x000000000001d990        0x0 /usr/local/ps3dev/ppu/lib/gcc/powerpc64-ps3-elf/4.5.2/../../../../powerpc64-ps3-elf/lib/libc.a(lib_a-sf_nan.o)
 .text.nanf     0x000000000001d990       0x18 /usr/local/ps3dev/ppu/lib/gcc/powerpc64-ps3-elf/4.5.2/../../../../powerpc64-ps3-elf/lib/libc.a(lib_a-sf_nan.o)
                0x000000000001d990                .nanf
 .text          0x000000000001d9a8        0x0 /usr/local/ps3dev/ppu/lib/gcc/powerpc64-ps3-elf/4.5.2/../../../../powerpc64-ps3-elf/lib/libc.a(lib_a-s_fpclassify.o)
 .text.__fpclassifyd
                0x000000000001d9a8       0xc4 /usr/local/ps3dev/ppu/lib/gcc/powerpc64-ps3-elf/4.5.2/../../../../powerpc64-ps3-elf/lib/libc.a(lib_a-s_fpclassify.o)
                0x000000000001d9a8                .__fpclassifyd
 .text          0x000000000001da6c        0x0 /usr/local/ps3dev/ppu/lib/gcc/powerpc64-ps3-elf/4.5.2/../../../../powerpc64-ps3-elf/lib/libc.a(lib_a-sprintf.o)
 *fill*         0x000000000001da6c        0x4 60000000
 .text._sprintf_r
                0x000000000001da70       0x84 /usr/local/ps3dev/ppu/lib/gcc/powerpc64-ps3-elf/4.5.2/../../../../powerpc64-ps3-elf/lib/libc.a(lib_a-sprintf.o)
                0x000000000001da70                ._sprintf_r
 *fill*         0x000000000001daf4        0x4 60000000
 .text.sprintf  0x000000000001daf8       0x9c /usr/local/ps3dev/ppu/lib/gcc/powerpc64-ps3-elf/4.5.2/../../../../powerpc64-ps3-elf/lib/libc.a(lib_a-sprintf.o)
                0x000000000001daf8                .sprintf
 .text          0x000000000001db94        0x0 /usr/local/ps3dev/ppu/lib/gcc/powerpc64-ps3-elf/4.5.2/../../../../powerpc64-ps3-elf/lib/libc.a(lib_a-strcmp.o)
 *fill*         0x000000000001db94        0x4 60000000
 .text.strcmp   0x000000000001db98       0xfc /usr/local/ps3dev/ppu/lib/gcc/powerpc64-ps3-elf/4.5.2/../../../../powerpc64-ps3-elf/lib/libc.a(lib_a-strcmp.o)
                0x000000000001db98                .strcmp
 .text          0x000000000001dc94        0x0 /usr/local/ps3dev/ppu/lib/gcc/powerpc64-ps3-elf/4.5.2/../../../../powerpc64-ps3-elf/lib/libc.a(lib_a-strtod.o)
 *fill*         0x000000000001dc94        0x4 60000000
 .text.match    0x000000000001dc98       0x6c /usr/local/ps3dev/ppu/lib/gcc/powerpc64-ps3-elf/4.5.2/../../../../powerpc64-ps3-elf/lib/libc.a(lib_a-strtod.o)
 *fill*         0x000000000001dd04        0x4 60000000
 .text._strtod_r
                0x000000000001dd08     0x1578 /usr/local/ps3dev/ppu/lib/gcc/powerpc64-ps3-elf/4.5.2/../../../../powerpc64-ps3-elf/lib/libc.a(lib_a-strtod.o)
                0x000000000001dd08                ._strtod_r
 .text.strtod   0x000000000001f280       0x50 /usr/local/ps3dev/ppu/lib/gcc/powerpc64-ps3-elf/4.5.2/../../../../powerpc64-ps3-elf/lib/libc.a(lib_a-strtod.o)
                0x000000000001f280                .strtod
 .text.strtof   0x000000000001f2d0       0x98 /usr/local/ps3dev/ppu/lib/gcc/powerpc64-ps3-elf/4.5.2/../../../../powerpc64-ps3-elf/lib/libc.a(lib_a-strtod.o)
                0x000000000001f2d0                .strtof
 .text          0x000000000001f368        0x0 /usr/local/ps3dev/ppu/lib/gcc/powerpc64-ps3-elf/4.5.2/../../../../powerpc64-ps3-elf/lib/libc.a(lib_a-strtoll_r.o)
 .text._strtoll_r
                0x000000000001f368      0x24c /usr/local/ps3dev/ppu/lib/gcc/powerpc64-ps3-elf/4.5.2/../../../../powerpc64-ps3-elf/lib/libc.a(lib_a-strtoll_r.o)
                0x000000000001f368                ._strtoll_r
 .text          0x000000000001f5b4        0x0 /usr/local/ps3dev/ppu/lib/gcc/powerpc64-ps3-elf/4.5.2/../../../../powerpc64-ps3-elf/lib/libc.a(lib_a-strtol.o)
 *fill*         0x000000000001f5b4        0x4 60000000
 .text._strtol_r
                0x000000000001f5b8      0x24c /usr/local/ps3dev/ppu/lib/gcc/powerpc64-ps3-elf/4.5.2/../../../../powerpc64-ps3-elf/lib/libc.a(lib_a-strtol.o)
                0x000000000001f5b8                ._strtol_r
 *fill*         0x000000000001f804        0x4 60000000
 .text.strtol   0x000000000001f808       0x60 /usr/local/ps3dev/ppu/lib/gcc/powerpc64-ps3-elf/4.5.2/../../../../powerpc64-ps3-elf/lib/libc.a(lib_a-strtol.o)
                0x000000000001f808                .strtol
 .text          0x000000000001f868        0x0 /usr/local/ps3dev/ppu/lib/gcc/powerpc64-ps3-elf/4.5.2/../../../../powerpc64-ps3-elf/lib/libc.a(lib_a-strtoull_r.o)
 .text._strtoull_r
                0x000000000001f868      0x230 /usr/local/ps3dev/ppu/lib/gcc/powerpc64-ps3-elf/4.5.2/../../../../powerpc64-ps3-elf/lib/libc.a(lib_a-strtoull_r.o)
                0x000000000001f868                ._strtoull_r
 .text          0x000000000001fa98        0x0 /usr/local/ps3dev/ppu/lib/gcc/powerpc64-ps3-elf/4.5.2/../../../../powerpc64-ps3-elf/lib/libc.a(lib_a-strtoul.o)
 .text._strtoul_r
                0x000000000001fa98      0x230 /usr/local/ps3dev/ppu/lib/gcc/powerpc64-ps3-elf/4.5.2/../../../../powerpc64-ps3-elf/lib/libc.a(lib_a-strtoul.o)
                0x000000000001fa98                ._strtoul_r
 .text.strtoul  0x000000000001fcc8       0x60 /usr/local/ps3dev/ppu/lib/gcc/powerpc64-ps3-elf/4.5.2/../../../../powerpc64-ps3-elf/lib/libc.a(lib_a-strtoul.o)
                0x000000000001fcc8                .strtoul
 .text          0x000000000001fd28        0x0 /usr/local/ps3dev/ppu/lib/gcc/powerpc64-ps3-elf/4.5.2/../../../../powerpc64-ps3-elf/lib/libc.a(lib_a-svfiscanf.o)
 .text._sungetc_r
                0x000000000001fd28      0x158 /usr/local/ps3dev/ppu/lib/gcc/powerpc64-ps3-elf/4.5.2/../../../../powerpc64-ps3-elf/lib/libc.a(lib_a-svfiscanf.o)
                0x000000000001fd28                ._sungetc_r
 .text.__ssrefill_r
                0x000000000001fe80       0xa0 /usr/local/ps3dev/ppu/lib/gcc/powerpc64-ps3-elf/4.5.2/../../../../powerpc64-ps3-elf/lib/libc.a(lib_a-svfiscanf.o)
                0x000000000001fe80                .__ssrefill_r
 .text._sfread_r
                0x000000000001ff20      0x194 /usr/local/ps3dev/ppu/lib/gcc/powerpc64-ps3-elf/4.5.2/../../../../powerpc64-ps3-elf/lib/libc.a(lib_a-svfiscanf.o)
                0x000000000001ff20                ._sfread_r
 *fill*         0x00000000000200b4        0x4 60000000
 .text.__ssvfiscanf_r
                0x00000000000200b8     0x1208 /usr/local/ps3dev/ppu/lib/gcc/powerpc64-ps3-elf/4.5.2/../../../../powerpc64-ps3-elf/lib/libc.a(lib_a-svfiscanf.o)
                0x00000000000200b8                .__ssvfiscanf_r
 .text          0x00000000000212c0        0x0 /usr/local/ps3dev/ppu/lib/gcc/powerpc64-ps3-elf/4.5.2/../../../../powerpc64-ps3-elf/lib/libc.a(lib_a-svfprintf.o)
 .text._svfprintf_r
                0x00000000000212c0     0x2120 /usr/local/ps3dev/ppu/lib/gcc/powerpc64-ps3-elf/4.5.2/../../../../powerpc64-ps3-elf/lib/libc.a(lib_a-svfprintf.o)
                0x00000000000212c0                ._svfprintf_r
 .text          0x00000000000233e0        0x0 /usr/local/ps3dev/ppu/lib/gcc/powerpc64-ps3-elf/4.5.2/../../../../powerpc64-ps3-elf/lib/libc.a(lib_a-ungetc.o)
 .text.__submore
                0x00000000000233e0      0x124 /usr/local/ps3dev/ppu/lib/gcc/powerpc64-ps3-elf/4.5.2/../../../../powerpc64-ps3-elf/lib/libc.a(lib_a-ungetc.o)
                0x00000000000233e0                .__submore
 *fill*         0x0000000000023504        0x4 60000000
 .text._ungetc_r
                0x0000000000023508      0x2b8 /usr/local/ps3dev/ppu/lib/gcc/powerpc64-ps3-elf/4.5.2/../../../../powerpc64-ps3-elf/lib/libc.a(lib_a-ungetc.o)
                0x0000000000023508                ._ungetc_r
 .text.ungetc   0x00000000000237c0       0x50 /usr/local/ps3dev/ppu/lib/gcc/powerpc64-ps3-elf/4.5.2/../../../../powerpc64-ps3-elf/lib/libc.a(lib_a-ungetc.o)
                0x00000000000237c0                .ungetc
 .text          0x0000000000023810        0x0 /usr/local/ps3dev/ppu/lib/gcc/powerpc64-ps3-elf/4.5.2/../../../../powerpc64-ps3-elf/lib/libc.a(lib_a-wsetup.o)
 .text.__swsetup_r
                0x0000000000023810      0x1d4 /usr/local/ps3dev/ppu/lib/gcc/powerpc64-ps3-elf/4.5.2/../../../../powerpc64-ps3-elf/lib/libc.a(lib_a-wsetup.o)
                0x0000000000023810                .__swsetup_r
 .text          0x00000000000239e4        0x0 /usr/local/ps3dev/ppu/lib/gcc/powerpc64-ps3-elf/4.5.2/../../../../powerpc64-ps3-elf/lib/libc.a(lib_a-dtoa.o)
 *fill*         0x00000000000239e4        0x4 60000000
 .text.quorem   0x00000000000239e8      0x258 /usr/local/ps3dev/ppu/lib/gcc/powerpc64-ps3-elf/4.5.2/../../../../powerpc64-ps3-elf/lib/libc.a(lib_a-dtoa.o)
 .text._dtoa_r  0x0000000000023c40     0x1328 /usr/local/ps3dev/ppu/lib/gcc/powerpc64-ps3-elf/4.5.2/../../../../powerpc64-ps3-elf/lib/libc.a(lib_a-dtoa.o)
                0x0000000000023c40                ._dtoa_r
 .text          0x0000000000024f68        0x0 /usr/local/ps3dev/ppu/lib/gcc/powerpc64-ps3-elf/4.5.2/../../../../powerpc64-ps3-elf/lib/libc.a(lib_a-fclose.o)
 .text._fclose_r
                0x0000000000024f68      0x1ec /usr/local/ps3dev/ppu/lib/gcc/powerpc64-ps3-elf/4.5.2/../../../../powerpc64-ps3-elf/lib/libc.a(lib_a-fclose.o)
                0x0000000000024f68                ._fclose_r
 *fill*         0x0000000000025154        0x4 60000000
 .text.fclose   0x0000000000025158       0x40 /usr/local/ps3dev/ppu/lib/gcc/powerpc64-ps3-elf/4.5.2/../../../../powerpc64-ps3-elf/lib/libc.a(lib_a-fclose.o)
                0x0000000000025158                .fclose
 .text          0x0000000000025198        0x0 /usr/local/ps3dev/ppu/lib/gcc/powerpc64-ps3-elf/4.5.2/../../../../powerpc64-ps3-elf/lib/libc.a(lib_a-fflush.o)
 .text._fflush_r
                0x0000000000025198      0x410 /usr/local/ps3dev/ppu/lib/gcc/powerpc64-ps3-elf/4.5.2/../../../../powerpc64-ps3-elf/lib/libc.a(lib_a-fflush.o)
                0x0000000000025198                ._fflush_r
 .text.fflush   0x00000000000255a8       0x74 /usr/local/ps3dev/ppu/lib/gcc/powerpc64-ps3-elf/4.5.2/../../../../powerpc64-ps3-elf/lib/libc.a(lib_a-fflush.o)
                0x00000000000255a8                .fflush
 .text          0x000000000002561c        0x0 /usr/local/ps3dev/ppu/lib/gcc/powerpc64-ps3-elf/4.5.2/../../../../powerpc64-ps3-elf/lib/libc.a(lib_a-gdtoa-gethex.o)
 *fill*         0x000000000002561c        0x4 60000000
 .text.rshift   0x0000000000025620      0x164 /usr/local/ps3dev/ppu/lib/gcc/powerpc64-ps3-elf/4.5.2/../../../../powerpc64-ps3-elf/lib/libc.a(lib_a-gdtoa-gethex.o)
 *fill*         0x0000000000025784        0x4 60000000
 .text.__hexdig_init
                0x0000000000025788       0x8c /usr/local/ps3dev/ppu/lib/gcc/powerpc64-ps3-elf/4.5.2/../../../../powerpc64-ps3-elf/lib/libc.a(lib_a-gdtoa-gethex.o)
                0x0000000000025788                .__hexdig_init
 *fill*         0x0000000000025814        0x4 60000000
 .text.__gethex
                0x0000000000025818      0x934 /usr/local/ps3dev/ppu/lib/gcc/powerpc64-ps3-elf/4.5.2/../../../../powerpc64-ps3-elf/lib/libc.a(lib_a-gdtoa-gethex.o)
                0x0000000000025818                .__gethex
 .text          0x000000000002614c        0x0 /usr/local/ps3dev/ppu/lib/gcc/powerpc64-ps3-elf/4.5.2/../../../../powerpc64-ps3-elf/lib/libc.a(lib_a-gdtoa-hexnan.o)
 *fill*         0x000000000002614c        0x4 60000000
 .text.__hexnan
                0x0000000000026150      0x324 /usr/local/ps3dev/ppu/lib/gcc/powerpc64-ps3-elf/4.5.2/../../../../powerpc64-ps3-elf/lib/libc.a(lib_a-gdtoa-hexnan.o)
                0x0000000000026150                .__hexnan
 .text          0x0000000000026474        0x0 /usr/local/ps3dev/ppu/lib/gcc/powerpc64-ps3-elf/4.5.2/../../../../powerpc64-ps3-elf/lib/libc.a(lib_a-lock_internal.o)
 *fill*         0x0000000000026474        0x4 60000000
 .text.init_metalock
                0x0000000000026478       0x48 /usr/local/ps3dev/ppu/lib/gcc/powerpc64-ps3-elf/4.5.2/../../../../powerpc64-ps3-elf/lib/libc.a(lib_a-lock_internal.o)
 .text.__libc_auto_lock_allocate
                0x00000000000264c0       0x9c /usr/local/ps3dev/ppu/lib/gcc/powerpc64-ps3-elf/4.5.2/../../../../powerpc64-ps3-elf/lib/libc.a(lib_a-lock_internal.o)
                0x00000000000264c0                .__libc_auto_lock_allocate
 .text          0x000000000002655c        0x0 /usr/local/ps3dev/ppu/lib/gcc/powerpc64-ps3-elf/4.5.2/../../../../powerpc64-ps3-elf/lib/libc.a(lib_a-makebuf.o)
 *fill*         0x000000000002655c        0x4 60000000
 .text.__smakebuf_r
                0x0000000000026560      0x228 /usr/local/ps3dev/ppu/lib/gcc/powerpc64-ps3-elf/4.5.2/../../../../powerpc64-ps3-elf/lib/libc.a(lib_a-makebuf.o)
                0x0000000000026560                .__smakebuf_r
 .text          0x0000000000026788        0x0 /usr/local/ps3dev/ppu/lib/gcc/powerpc64-ps3-elf/4.5.2/../../../../powerpc64-ps3-elf/lib/libc.a(lib_a-mprec.o)
 .text._Balloc  0x0000000000026788       0xd4 /usr/local/ps3dev/ppu/lib/gcc/powerpc64-ps3-elf/4.5.2/../../../../powerpc64-ps3-elf/lib/libc.a(lib_a-mprec.o)
                0x0000000000026788                ._Balloc
 *fill*         0x000000000002685c        0x4 60000000
 .text._Bfree   0x0000000000026860       0x34 /usr/local/ps3dev/ppu/lib/gcc/powerpc64-ps3-elf/4.5.2/../../../../powerpc64-ps3-elf/lib/libc.a(lib_a-mprec.o)
                0x0000000000026860                ._Bfree
 *fill*         0x0000000000026894        0x4 60000000
 .text.__multadd
                0x0000000000026898      0x164 /usr/local/ps3dev/ppu/lib/gcc/powerpc64-ps3-elf/4.5.2/../../../../powerpc64-ps3-elf/lib/libc.a(lib_a-mprec.o)
                0x0000000000026898                .__multadd
 *fill*         0x00000000000269fc        0x4 60000000
 .text.__s2b    0x0000000000026a00      0x164 /usr/local/ps3dev/ppu/lib/gcc/powerpc64-ps3-elf/4.5.2/../../../../powerpc64-ps3-elf/lib/libc.a(lib_a-mprec.o)
                0x0000000000026a00                .__s2b
 *fill*         0x0000000000026b64        0x4 60000000
 .text.__hi0bits
                0x0000000000026b68       0x94 /usr/local/ps3dev/ppu/lib/gcc/powerpc64-ps3-elf/4.5.2/../../../../powerpc64-ps3-elf/lib/libc.a(lib_a-mprec.o)
                0x0000000000026b68                .__hi0bits
 *fill*         0x0000000000026bfc        0x4 60000000
 .text.__lo0bits
                0x0000000000026c00       0xec /usr/local/ps3dev/ppu/lib/gcc/powerpc64-ps3-elf/4.5.2/../../../../powerpc64-ps3-elf/lib/libc.a(lib_a-mprec.o)
                0x0000000000026c00                .__lo0bits
 *fill*         0x0000000000026cec        0x4 60000000
 .text.__i2b    0x0000000000026cf0       0x48 /usr/local/ps3dev/ppu/lib/gcc/powerpc64-ps3-elf/4.5.2/../../../../powerpc64-ps3-elf/lib/libc.a(lib_a-mprec.o)
                0x0000000000026cf0                .__i2b
 .text.__multiply
                0x0000000000026d38      0x2a0 /usr/local/ps3dev/ppu/lib/gcc/powerpc64-ps3-elf/4.5.2/../../../../powerpc64-ps3-elf/lib/libc.a(lib_a-mprec.o)
                0x0000000000026d38                .__multiply
 .text.__pow5mult
                0x0000000000026fd8      0x15c /usr/local/ps3dev/ppu/lib/gcc/powerpc64-ps3-elf/4.5.2/../../../../powerpc64-ps3-elf/lib/libc.a(lib_a-mprec.o)
                0x0000000000026fd8                .__pow5mult
 *fill*         0x0000000000027134        0x4 60000000
 .text.__lshift
                0x0000000000027138      0x1c8 /usr/local/ps3dev/ppu/lib/gcc/powerpc64-ps3-elf/4.5.2/../../../../powerpc64-ps3-elf/lib/libc.a(lib_a-mprec.o)
                0x0000000000027138                .__lshift
 .text.__mcmp   0x0000000000027300       0x84 /usr/local/ps3dev/ppu/lib/gcc/powerpc64-ps3-elf/4.5.2/../../../../powerpc64-ps3-elf/lib/libc.a(lib_a-mprec.o)
                0x0000000000027300                .__mcmp
 *fill*         0x0000000000027384        0x4 60000000
 .text.__mdiff  0x0000000000027388      0x1fc /usr/local/ps3dev/ppu/lib/gcc/powerpc64-ps3-elf/4.5.2/../../../../powerpc64-ps3-elf/lib/libc.a(lib_a-mprec.o)
                0x0000000000027388                .__mdiff
 *fill*         0x0000000000027584        0x4 60000000
 .text.__ulp    0x0000000000027588       0xb8 /usr/local/ps3dev/ppu/lib/gcc/powerpc64-ps3-elf/4.5.2/../../../../powerpc64-ps3-elf/lib/libc.a(lib_a-mprec.o)
                0x0000000000027588                .__ulp
 .text.__b2d    0x0000000000027640      0x1c0 /usr/local/ps3dev/ppu/lib/gcc/powerpc64-ps3-elf/4.5.2/../../../../powerpc64-ps3-elf/lib/libc.a(lib_a-mprec.o)
                0x0000000000027640                .__b2d
 .text.__d2b    0x0000000000027800      0x1ac /usr/local/ps3dev/ppu/lib/gcc/powerpc64-ps3-elf/4.5.2/../../../../powerpc64-ps3-elf/lib/libc.a(lib_a-mprec.o)
                0x0000000000027800                .__d2b
 *fill*         0x00000000000279ac        0x4 60000000
 .text.__ratio  0x00000000000279b0       0xf8 /usr/local/ps3dev/ppu/lib/gcc/powerpc64-ps3-elf/4.5.2/../../../../powerpc64-ps3-elf/lib/libc.a(lib_a-mprec.o)
                0x00000000000279b0                .__ratio
 .text._mprec_log10
                0x0000000000027aa8       0x4c /usr/local/ps3dev/ppu/lib/gcc/powerpc64-ps3-elf/4.5.2/../../../../powerpc64-ps3-elf/lib/libc.a(lib_a-mprec.o)
                0x0000000000027aa8                ._mprec_log10
 *fill*         0x0000000000027af4        0x4 60000000
 .text.__copybits
                0x0000000000027af8       0x98 /usr/local/ps3dev/ppu/lib/gcc/powerpc64-ps3-elf/4.5.2/../../../../powerpc64-ps3-elf/lib/libc.a(lib_a-mprec.o)
                0x0000000000027af8                .__copybits
 .text.__any_on
                0x0000000000027b90       0xf4 /usr/local/ps3dev/ppu/lib/gcc/powerpc64-ps3-elf/4.5.2/../../../../powerpc64-ps3-elf/lib/libc.a(lib_a-mprec.o)
                0x0000000000027b90                .__any_on
 .text          0x0000000000027c84        0x0 /usr/local/ps3dev/ppu/lib/gcc/powerpc64-ps3-elf/4.5.2/../../../../powerpc64-ps3-elf/lib/libc.a(lib_a-strncmp.o)
 *fill*         0x0000000000027c84        0x4 60000000
 .text.strncmp  0x0000000000027c88      0x184 /usr/local/ps3dev/ppu/lib/gcc/powerpc64-ps3-elf/4.5.2/../../../../powerpc64-ps3-elf/lib/libc.a(lib_a-strncmp.o)
                0x0000000000027c88                .strncmp
 .text          0x0000000000027e0c        0x0 /usr/local/ps3dev/ppu/lib/gcc/powerpc64-ps3-elf/4.5.2/../../../../powerpc64-ps3-elf/lib/libc.a(lib_a-svfiprintf.o)
 *fill*         0x0000000000027e0c        0x4 60000000
 .text.__ssprint_r
                0x0000000000027e10      0x300 /usr/local/ps3dev/ppu/lib/gcc/powerpc64-ps3-elf/4.5.2/../../../../powerpc64-ps3-elf/lib/libc.a(lib_a-svfiprintf.o)
                0x0000000000027e10                .__ssprint_r
 .text._svfiprintf_r
                0x0000000000028110     0x1064 /usr/local/ps3dev/ppu/lib/gcc/powerpc64-ps3-elf/4.5.2/../../../../powerpc64-ps3-elf/lib/libc.a(lib_a-svfiprintf.o)
                0x0000000000028110                ._svfiprintf_r
 .text          0x0000000000029174        0x0 /usr/local/ps3dev/ppu/lib/gcc/powerpc64-ps3-elf/4.5.2/../../../../powerpc64-ps3-elf/lib/libc.a(lib_a-abort.o)
 *fill*         0x0000000000029174        0x4 60000000
 .text.abort    0x0000000000029178       0x30 /usr/local/ps3dev/ppu/lib/gcc/powerpc64-ps3-elf/4.5.2/../../../../powerpc64-ps3-elf/lib/libc.a(lib_a-abort.o)
                0x0000000000029178                .abort
 .text          0x00000000000291a8        0x0 /usr/local/ps3dev/ppu/lib/gcc/powerpc64-ps3-elf/4.5.2/../../../../powerpc64-ps3-elf/lib/libc.a(lib_a-callocr.o)
 .text._calloc_r
                0x00000000000291a8       0xe8 /usr/local/ps3dev/ppu/lib/gcc/powerpc64-ps3-elf/4.5.2/../../../../powerpc64-ps3-elf/lib/libc.a(lib_a-callocr.o)
                0x00000000000291a8                ._calloc_r
 .text          0x0000000000029290        0x0 /usr/local/ps3dev/ppu/lib/gcc/powerpc64-ps3-elf/4.5.2/../../../../powerpc64-ps3-elf/lib/libc.a(lib_a-signal.o)
 .text._init_signal_r
                0x0000000000029290       0x84 /usr/local/ps3dev/ppu/lib/gcc/powerpc64-ps3-elf/4.5.2/../../../../powerpc64-ps3-elf/lib/libc.a(lib_a-signal.o)
                0x0000000000029290                ._init_signal_r
 *fill*         0x0000000000029314        0x4 60000000
 .text._signal_r
                0x0000000000029318       0x9c /usr/local/ps3dev/ppu/lib/gcc/powerpc64-ps3-elf/4.5.2/../../../../powerpc64-ps3-elf/lib/libc.a(lib_a-signal.o)
                0x0000000000029318                ._signal_r
 *fill*         0x00000000000293b4        0x4 60000000
 .text._raise_r
                0x00000000000293b8      0x114 /usr/local/ps3dev/ppu/lib/gcc/powerpc64-ps3-elf/4.5.2/../../../../powerpc64-ps3-elf/lib/libc.a(lib_a-signal.o)
                0x00000000000293b8                ._raise_r
 *fill*         0x00000000000294cc        0x4 60000000
 .text.__sigtramp_r
                0x00000000000294d0       0xd0 /usr/local/ps3dev/ppu/lib/gcc/powerpc64-ps3-elf/4.5.2/../../../../powerpc64-ps3-elf/lib/libc.a(lib_a-signal.o)
                0x00000000000294d0                .__sigtramp_r
 .text.raise    0x00000000000295a0       0x40 /usr/local/ps3dev/ppu/lib/gcc/powerpc64-ps3-elf/4.5.2/../../../../powerpc64-ps3-elf/lib/libc.a(lib_a-signal.o)
                0x00000000000295a0                .raise
 .text.signal   0x00000000000295e0       0x50 /usr/local/ps3dev/ppu/lib/gcc/powerpc64-ps3-elf/4.5.2/../../../../powerpc64-ps3-elf/lib/libc.a(lib_a-signal.o)
                0x00000000000295e0                .signal
 .text._init_signal
                0x0000000000029630       0x30 /usr/local/ps3dev/ppu/lib/gcc/powerpc64-ps3-elf/4.5.2/../../../../powerpc64-ps3-elf/lib/libc.a(lib_a-signal.o)
                0x0000000000029630                ._init_signal
 .text.__sigtramp
                0x0000000000029660       0x40 /usr/local/ps3dev/ppu/lib/gcc/powerpc64-ps3-elf/4.5.2/../../../../powerpc64-ps3-elf/lib/libc.a(lib_a-signal.o)
                0x0000000000029660                .__sigtramp
 .text          0x00000000000296a0        0x0 /usr/local/ps3dev/ppu/lib/gcc/powerpc64-ps3-elf/4.5.2/../../../../powerpc64-ps3-elf/lib/libsysbase.a(close.o)
 .text._close_r
                0x00000000000296a0       0x6c /usr/local/ps3dev/ppu/lib/gcc/powerpc64-ps3-elf/4.5.2/../../../../powerpc64-ps3-elf/lib/libsysbase.a(close.o)
                0x00000000000296a0                ._close_r
 .text          0x000000000002970c        0x0 /usr/local/ps3dev/ppu/lib/gcc/powerpc64-ps3-elf/4.5.2/../../../../powerpc64-ps3-elf/lib/libsysbase.a(sbrk.o)
 *fill*         0x000000000002970c        0x4 60000000
 .text._sbrk_r  0x0000000000029710       0x78 /usr/local/ps3dev/ppu/lib/gcc/powerpc64-ps3-elf/4.5.2/../../../../powerpc64-ps3-elf/lib/libsysbase.a(sbrk.o)
                0x0000000000029710                ._sbrk_r
 .text          0x0000000000029788        0x0 /usr/local/ps3dev/ppu/lib/gcc/powerpc64-ps3-elf/4.5.2/../../../../powerpc64-ps3-elf/lib/libsysbase.a(_exit.o)
 .text._exit    0x0000000000029788       0x48 /usr/local/ps3dev/ppu/lib/gcc/powerpc64-ps3-elf/4.5.2/../../../../powerpc64-ps3-elf/lib/libsysbase.a(_exit.o)
                0x0000000000029788                ._exit
 .text          0x00000000000297d0        0x0 /usr/local/ps3dev/ppu/lib/gcc/powerpc64-ps3-elf/4.5.2/../../../../powerpc64-ps3-elf/lib/libsysbase.a(fstat.o)
 .text._fstat_r
                0x00000000000297d0       0x6c /usr/local/ps3dev/ppu/lib/gcc/powerpc64-ps3-elf/4.5.2/../../../../powerpc64-ps3-elf/lib/libsysbase.a(fstat.o)
                0x00000000000297d0                ._fstat_r
 .text          0x000000000002983c        0x0 /usr/local/ps3dev/ppu/lib/gcc/powerpc64-ps3-elf/4.5.2/../../../../powerpc64-ps3-elf/lib/libsysbase.a(isatty.o)
 *fill*         0x000000000002983c        0x4 60000000
 .text._isatty_r
                0x0000000000029840       0x78 /usr/local/ps3dev/ppu/lib/gcc/powerpc64-ps3-elf/4.5.2/../../../../powerpc64-ps3-elf/lib/libsysbase.a(isatty.o)
                0x0000000000029840                ._isatty_r
 .text          0x00000000000298b8        0x0 /usr/local/ps3dev/ppu/lib/gcc/powerpc64-ps3-elf/4.5.2/../../../../powerpc64-ps3-elf/lib/libsysbase.a(lseek.o)
 .text._lseek_r
                0x00000000000298b8       0x6c /usr/local/ps3dev/ppu/lib/gcc/powerpc64-ps3-elf/4.5.2/../../../../powerpc64-ps3-elf/lib/libsysbase.a(lseek.o)
                0x00000000000298b8                ._lseek_r
 .text          0x0000000000029924        0x0 /usr/local/ps3dev/ppu/lib/gcc/powerpc64-ps3-elf/4.5.2/../../../../powerpc64-ps3-elf/lib/libsysbase.a(read.o)
 *fill*         0x0000000000029924        0x4 60000000
 .text._read_r  0x0000000000029928       0x6c /usr/local/ps3dev/ppu/lib/gcc/powerpc64-ps3-elf/4.5.2/../../../../powerpc64-ps3-elf/lib/libsysbase.a(read.o)
                0x0000000000029928                ._read_r
 .text          0x0000000000029994        0x0 /usr/local/ps3dev/ppu/lib/gcc/powerpc64-ps3-elf/4.5.2/../../../../powerpc64-ps3-elf/lib/libsysbase.a(write.o)
 *fill*         0x0000000000029994        0x4 60000000
 .text._write_r
                0x0000000000029998       0x6c /usr/local/ps3dev/ppu/lib/gcc/powerpc64-ps3-elf/4.5.2/../../../../powerpc64-ps3-elf/lib/libsysbase.a(write.o)
                0x0000000000029998                ._write_r
 .text          0x0000000000029a04        0x0 /usr/local/ps3dev/ppu/lib/gcc/powerpc64-ps3-elf/4.5.2/../../../../powerpc64-ps3-elf/lib/libsysbase.a(lock.o)
 *fill*         0x0000000000029a04        0x4 60000000
 .text.sys_lwmutex_create
                0x0000000000029a08       0x94 /usr/local/ps3dev/ppu/lib/gcc/powerpc64-ps3-elf/4.5.2/../../../../powerpc64-ps3-elf/lib/libsysbase.a(lock.o)
                0x0000000000029a08                .sys_lwmutex_create
 *fill*         0x0000000000029a9c        0x4 60000000
 .text.sys_lwmutex_destroy
                0x0000000000029aa0       0x84 /usr/local/ps3dev/ppu/lib/gcc/powerpc64-ps3-elf/4.5.2/../../../../powerpc64-ps3-elf/lib/libsysbase.a(lock.o)
                0x0000000000029aa0                .sys_lwmutex_destroy
 *fill*         0x0000000000029b24        0x4 60000000
 .text.sys_lwmutex_lock
                0x0000000000029b28       0x94 /usr/local/ps3dev/ppu/lib/gcc/powerpc64-ps3-elf/4.5.2/../../../../powerpc64-ps3-elf/lib/libsysbase.a(lock.o)
                0x0000000000029b28                .sys_lwmutex_lock
 *fill*         0x0000000000029bbc        0x4 60000000
 .text.sys_lwmutex_trylock
                0x0000000000029bc0       0x84 /usr/local/ps3dev/ppu/lib/gcc/powerpc64-ps3-elf/4.5.2/../../../../powerpc64-ps3-elf/lib/libsysbase.a(lock.o)
                0x0000000000029bc0                .sys_lwmutex_trylock
 *fill*         0x0000000000029c44        0x4 60000000
 .text.sys_lwmutex_unlock
                0x0000000000029c48       0x84 /usr/local/ps3dev/ppu/lib/gcc/powerpc64-ps3-elf/4.5.2/../../../../powerpc64-ps3-elf/lib/libsysbase.a(lock.o)
                0x0000000000029c48                .sys_lwmutex_unlock
 .text          0x0000000000029ccc        0x0 /usr/local/ps3dev/ppu/lib/gcc/powerpc64-ps3-elf/4.5.2/../../../../powerpc64-ps3-elf/lib/libsysbase.a(getpid.o)
 *fill*         0x0000000000029ccc        0x4 60000000
 .text._getpid_r
                0x0000000000029cd0       0x6c /usr/local/ps3dev/ppu/lib/gcc/powerpc64-ps3-elf/4.5.2/../../../../powerpc64-ps3-elf/lib/libsysbase.a(getpid.o)